192.168.0.105 - - [11/Oct/2019:15:43:09 +0000] "GET /groups/jenkins1/-/children.json HTTP/1.1" 304 0 "http://192.168.0.102:8010/jenkins1" "Mozilla/5.0 (Windows NT 6.3; Win64; x64) AppleWebKit/537.36 (KHTML, like Gecko) Chrome/77.0.3865.90 Safari/537.36"
192.168.0.105 - - [11/Oct/2019:15:43:15 +0000] "GET /jenkins1/maven1 HTTP/1.1" 200 12960 "http://192.168.0.102:8010/jenkins1/maven1" "Mozilla/5.0 (Windows NT 6.3; Win64; x64) AppleWebKit/537.36 (KHTML, like Gecko) Chrome/77.0.3865.90 Safari/537.36"
192.168.0.105 - - [11/Oct/2019:15:43:16 +0000] "GET /jenkins1/maven1 HTTP/1.1" 200 12958 "http://192.168.0.102:8010/jenkins1/maven1" "Mozilla/5.0 (Windows NT 6.3; Win64; x64) AppleWebKit/537.36 (KHTML, like Gecko) Chrome/77.0.3865.90 Safari/537.36"
127.0.0.1 - - [11/Oct/2019:15:43:16 +0000] "GET /help HTTP/1.1" 200 82920 "" "curl/7.59.0-DEV"
192.168.0.105 - - [11/Oct/2019:15:43:48 +0000] "GET /jenkins1/maven1 HTTP/1.1" 200 12962 "http://192.168.0.102:8010/jenkins1/maven1" "Mozilla/5.0 (Windows NT 6.3; Win64; x64) AppleWebKit/537.36 (KHTML, like Gecko) Chrome/77.0.3865.90 Safari/537.36"
192.168.0.105 - - [11/Oct/2019:15:43:49 +0000] "GET /jenkins1 HTTP/1.1" 200 14184 "http://192.168.0.102:8010/jenkins1/maven1" "Mozilla/5.0 (Windows NT 6.3; Win64; x64) AppleWebKit/537.36 (KHTML, like Gecko) Chrome/77.0.3865.90 Safari/537.36"
192.168.0.105 - - [11/Oct/2019:15:43:49 +0000] "GET /groups/jenkins1/-/children.json HTTP/1.1" 304 0 "http://192.168.0.102:8010/jenkins1" "Mozilla/5.0 (Windows NT 6.3; Win64; x64) AppleWebKit/537.36 (KHTML, like Gecko) Chrome/77.0.3865.90 Safari/537.36"
192.168.0.105 - - [11/Oct/2019:15:43:53 +0000] "GET /jenkins1/maven1 HTTP/1.1" 200 12958 "http://192.168.0.102:8010/jenkins1" "Mozilla/5.0 (Windows NT 6.3; Win64; x64) AppleWebKit/537.36 (KHTML, like Gecko) Chrome/77.0.3865.90 Safari/537.36"
192.168.0.105 - - [11/Oct/2019:15:44:14 +0000] "GET /admin HTTP/1.1" 200 9025 "http://192.168.0.102:8010/jenkins1/maven1" "Mozilla/5.0 (Windows NT 6.3; Win64; x64) AppleWebKit/537.36 (KHTML, like Gecko) Chrome/77.0.3865.90 Safari/537.36"
192.168.0.105 - - [11/Oct/2019:15:44:14 +0000] "GET /api/v4/application/statistics HTTP/1.1" 200 165 "http://192.168.0.102:8010/admin" "Mozilla/5.0 (Windows NT 6.3; Win64; x64) AppleWebKit/537.36 (KHTML, like Gecko) Chrome/77.0.3865.90 Safari/537.36"
192.168.0.105 - - [11/Oct/2019:15:44:15 +0000] "GET /admin/users HTTP/1.1" 200 9567 "http://192.168.0.102:8010/admin" "Mozilla/5.0 (Windows NT 6.3; Win64; x64) AppleWebKit/537.36 (KHTML, like Gecko) Chrome/77.0.3865.90 Safari/537.36"
127.0.0.1 - - [11/Oct/2019:15:44:17 +0000] "GET /help HTTP/1.1" 200 82920 "" "curl/7.59.0-DEV"
192.168.0.105 - - [11/Oct/2019:15:44:27 +0000] "POST /admin/users/chintu?hard_delete=true HTTP/1.1" 302 103 "http://192.168.0.102:8010/admin/users" "Mozilla/5.0 (Windows NT 6.3; Win64; x64) AppleWebKit/537.36 (KHTML, like Gecko) Chrome/77.0.3865.90 Safari/537.36"
192.168.0.105 - - [11/Oct/2019:15:44:27 +0000] "GET /admin/users HTTP/1.1" 200 9226 "http://192.168.0.102:8010/admin/users" "Mozilla/5.0 (Windows NT 6.3; Win64; x64) AppleWebKit/537.36 (KHTML, like Gecko) Chrome/77.0.3865.90 Safari/537.36"
192.168.0.105 - - [11/Oct/2019:15:45:00 +0000] "GET /admin HTTP/1.1" 200 8988 "http://192.168.0.102:8010/admin/users" "Mozilla/5.0 (Windows NT 6.3; Win64; x64) AppleWebKit/537.36 (KHTML, like Gecko) Chrome/77.0.3865.90 Safari/537.36"
192.168.0.105 - - [11/Oct/2019:15:45:00 +0000] "GET /api/v4/application/statistics HTTP/1.1" 200 165 "http://192.168.0.102:8010/admin" "Mozilla/5.0 (Windows NT 6.3; Win64; x64) AppleWebKit/537.36 (KHTML, like Gecko) Chrome/77.0.3865.90 Safari/537.36"
192.168.0.105 - - [11/Oct/2019:15:45:02 +0000] "GET /admin/users HTTP/1.1" 200 9158 "http://192.168.0.102:8010/admin" "Mozilla/5.0 (Windows NT 6.3; Win64; x64) AppleWebKit/537.36 (KHTML, like Gecko) Chrome/77.0.3865.90 Safari/537.36"
192.168.0.105 - - [11/Oct/2019:15:45:06 +0000] "GET /admin/users/new HTTP/1.1" 200 9317 "http://192.168.0.102:8010/admin/users" "Mozilla/5.0 (Windows NT 6.3; Win64; x64) AppleWebKit/537.36 (KHTML, like Gecko) Chrome/77.0.3865.90 Safari/537.36"
127.0.0.1 - - [11/Oct/2019:15:45:18 +0000] "GET /help HTTP/1.1" 200 82920 "" "curl/7.59.0-DEV"
192.168.0.105 - - [11/Oct/2019:15:45:44 +0000] "POST /admin/users HTTP/1.1" 302 109 "http://192.168.0.102:8010/admin/users/new" "Mozilla/5.0 (Windows NT 6.3; Win64; x64) AppleWebKit/537.36 (KHTML, like Gecko) Chrome/77.0.3865.90 Safari/537.36"
192.168.0.105 - - [11/Oct/2019:15:45:44 +0000] "GET /admin/users/tahir HTTP/1.1" 200 9579 "http://192.168.0.102:8010/admin/users/new" "Mozilla/5.0 (Windows NT 6.3; Win64; x64) AppleWebKit/537.36 (KHTML, like Gecko) Chrome/77.0.3865.90 Safari/537.36"
192.168.0.105 - - [11/Oct/2019:15:46:04 +0000] "GET /admin/users/tahir/edit HTTP/1.1" 200 9356 "http://192.168.0.102:8010/admin/users/tahir" "Mozilla/5.0 (Windows NT 6.3; Win64; x64) AppleWebKit/537.36 (KHTML, like Gecko) Chrome/77.0.3865.90 Safari/537.36"
127.0.0.1 - - [11/Oct/2019:15:46:18 +0000] "GET /help HTTP/1.1" 200 82920 "" "curl/7.59.0-DEV"
192.168.0.105 - - [11/Oct/2019:15:46:26 +0000] "POST /admin/users/tahir HTTP/1.1" 302 109 "http://192.168.0.102:8010/admin/users/tahir/edit" "Mozilla/5.0 (Windows NT 6.3; Win64; x64) AppleWebKit/537.36 (KHTML, like Gecko) Chrome/77.0.3865.90 Safari/537.36"
192.168.0.105 - - [11/Oct/2019:15:46:26 +0000] "GET /admin/users/tahir HTTP/1.1" 200 9585 "http://192.168.0.102:8010/admin/users/tahir/edit" "Mozilla/5.0 (Windows NT 6.3; Win64; x64) AppleWebKit/537.36 (KHTML, like Gecko) Chrome/77.0.3865.90 Safari/537.36"
192.168.0.105 - - [11/Oct/2019:15:46:47 +0000] "GET /admin/projects HTTP/1.1" 200 9180 "http://192.168.0.102:8010/admin/users/tahir" "Mozilla/5.0 (Windows NT 6.3; Win64; x64) AppleWebKit/537.36 (KHTML, like Gecko) Chrome/77.0.3865.90 Safari/537.36"
192.168.0.105 - - [11/Oct/2019:15:46:58 +0000] "GET /admin/projects/jenkins1/maven1 HTTP/1.1" 200 10231 "http://192.168.0.102:8010/admin/projects" "Mozilla/5.0 (Windows NT 6.3; Win64; x64) AppleWebKit/537.36 (KHTML, like Gecko) Chrome/77.0.3865.90 Safari/537.36"
192.168.0.105 - - [11/Oct/2019:15:47:01 +0000] "GET /jenkins1/maven1/-/project_members HTTP/1.1" 200 11029 "http://192.168.0.102:8010/admin/projects/jenkins1/maven1" "Mozilla/5.0 (Windows NT 6.3; Win64; x64) AppleWebKit/537.36 (KHTML, like Gecko) Chrome/77.0.3865.90 Safari/537.36"
192.168.0.105 - - [11/Oct/2019:15:47:05 +0000] "GET /assets/select2-spinner.gif HTTP/1.1" 404 19 "http://192.168.0.102:8010/assets/application-def1880ada798c68ee010ba2193f53a2c65a8981871a634ae7e18ccdcd503fa3.css" "Mozilla/5.0 (Windows NT 6.3; Win64; x64) AppleWebKit/537.36 (KHTML, like Gecko) Chrome/77.0.3865.90 Safari/537.36"
192.168.0.105 - - [11/Oct/2019:15:47:05 +0000] "GET /autocomplete/users.json?search=&active=true HTTP/1.1" 200 506 "http://192.168.0.102:8010/jenkins1/maven1/-/project_members" "Mozilla/5.0 (Windows NT 6.3; Win64; x64) AppleWebKit/537.36 (KHTML, like Gecko) Chrome/77.0.3865.90 Safari/537.36"
192.168.0.105 - - [11/Oct/2019:15:47:06 +0000] "GET /assets/select2.png HTTP/1.1" 404 19 "http://192.168.0.102:8010/assets/application-def1880ada798c68ee010ba2193f53a2c65a8981871a634ae7e18ccdcd503fa3.css" "Mozilla/5.0 (Windows NT 6.3; Win64; x64) AppleWebKit/537.36 (KHTML, like Gecko) Chrome/77.0.3865.90 Safari/537.36"
192.168.0.105 - - [11/Oct/2019:15:47:06 +0000] "GET /autocomplete/users.json?search=&active=true HTTP/1.1" 304 0 "http://192.168.0.102:8010/jenkins1/maven1/-/project_members" "Mozilla/5.0 (Windows NT 6.3; Win64; x64) AppleWebKit/537.36 (KHTML, like Gecko) Chrome/77.0.3865.90 Safari/537.36"
127.0.0.1 - - [11/Oct/2019:15:47:19 +0000] "GET /help HTTP/1.1" 200 82920 "" "curl/7.59.0-DEV"
192.168.0.105 - - [11/Oct/2019:15:47:20 +0000] "POST /jenkins1/maven1/-/project_members HTTP/1.1" 302 125 "http://192.168.0.102:8010/jenkins1/maven1/-/project_members" "Mozilla/5.0 (Windows NT 6.3; Win64; x64) AppleWebKit/537.36 (KHTML, like Gecko) Chrome/77.0.3865.90 Safari/537.36"
192.168.0.105 - - [11/Oct/2019:15:47:20 +0000] "GET /jenkins1/maven1/-/project_members HTTP/1.1" 200 11783 "http://192.168.0.102:8010/jenkins1/maven1/-/project_members" "Mozilla/5.0 (Windows NT 6.3; Win64; x64) AppleWebKit/537.36 (KHTML, like Gecko) Chrome/77.0.3865.90 Safari/537.36"
192.168.0.105 - - [11/Oct/2019:15:47:30 +0000] "GET /jenkins1/maven1 HTTP/1.1" 200 12959 "http://192.168.0.102:8010/jenkins1/maven1/-/project_members" "Mozilla/5.0 (Windows NT 6.3; Win64; x64) AppleWebKit/537.36 (KHTML, like Gecko) Chrome/77.0.3865.90 Safari/537.36"
192.168.0.105 - - [11/Oct/2019:15:47:38 +0000] "GET /jenkins1/maven1/edit HTTP/1.1" 200 14158 "http://192.168.0.102:8010/jenkins1/maven1" "Mozilla/5.0 (Windows NT 6.3; Win64; x64) AppleWebKit/537.36 (KHTML, like Gecko) Chrome/77.0.3865.90 Safari/537.36"
192.168.0.105 - - [11/Oct/2019:15:47:38 +0000] "GET /assets/select2.png HTTP/1.1" 404 19 "http://192.168.0.102:8010/assets/application-def1880ada798c68ee010ba2193f53a2c65a8981871a634ae7e18ccdcd503fa3.css" "Mozilla/5.0 (Windows NT 6.3; Win64; x64) AppleWebKit/537.36 (KHTML, like Gecko) Chrome/77.0.3865.90 Safari/537.36"
192.168.0.105 - - [11/Oct/2019:15:47:47 +0000] "GET /jenkins1/maven1/-/project_members HTTP/1.1" 200 11721 "http://192.168.0.102:8010/jenkins1/maven1/edit" "Mozilla/5.0 (Windows NT 6.3; Win64; x64) AppleWebKit/537.36 (KHTML, like Gecko) Chrome/77.0.3865.90 Safari/537.36"
127.0.0.1 - - [11/Oct/2019:15:48:20 +0000] "GET /help HTTP/1.1" 200 82920 "" "curl/7.59.0-DEV"
127.0.0.1 - - [11/Oct/2019:15:49:20 +0000] "GET /help HTTP/1.1" 200 82920 "" "curl/7.59.0-DEV"
192.168.0.105 - - [11/Oct/2019:15:49:48 +0000] "GET /jenkins1/maven1 HTTP/1.1" 200 12957 "http://192.168.0.102:8010/jenkins1/maven1/-/project_members" "Mozilla/5.0 (Windows NT 6.3; Win64; x64) AppleWebKit/537.36 (KHTML, like Gecko) Chrome/77.0.3865.90 Safari/537.36"
127.0.0.1 - - [11/Oct/2019:15:50:21 +0000] "GET /help HTTP/1.1" 200 82920 "" "curl/7.59.0-DEV"
172.17.0.1 - - [11/Oct/2019:15:50:26 +0000] "GET /jenkins1/maven1.git/info/refs?service=git-upload-pack HTTP/1.1" 401 26 "" "git/1.8.3.1"
172.17.0.1 - - [11/Oct/2019:15:50:34 +0000] "GET /jenkins1/maven1.git/info/refs?service=git-upload-pack HTTP/1.1" 401 26 "" "git/1.8.3.1"
172.17.0.1 - tahir [11/Oct/2019:15:50:34 +0000] "GET /jenkins1/maven1.git/info/refs?service=git-upload-pack HTTP/1.1" 200 57 "" "git/1.8.3.1"
127.0.0.1 - - [11/Oct/2019:15:51:21 +0000] "GET /help HTTP/1.1" 200 82920 "" "curl/7.59.0-DEV"
127.0.0.1 - - [11/Oct/2019:15:52:21 +0000] "GET /help HTTP/1.1" 200 82920 "" "curl/7.59.0-DEV"
127.0.0.1 - - [11/Oct/2019:15:53:22 +0000] "GET /help HTTP/1.1" 200 82920 "" "curl/7.59.0-DEV"
127.0.0.1 - - [11/Oct/2019:15:54:23 +0000] "GET /help HTTP/1.1" 200 82927 "" "curl/7.59.0-DEV"
172.17.0.1 - - [11/Oct/2019:15:55:02 +0000] "GET /jenkins1/maven1.git/info/refs?service=git-receive-pack HTTP/1.1" 401 26 "" "git/1.8.3.1"
172.17.0.1 - - [11/Oct/2019:15:55:13 +0000] "GET /jenkins1/maven1.git/info/refs?service=git-receive-pack HTTP/1.1" 401 26 "" "git/1.8.3.1"
172.17.0.1 - tahir [11/Oct/2019:15:55:14 +0000] "GET /jenkins1/maven1.git/info/refs?service=git-receive-pack HTTP/1.1" 200 151 "" "git/1.8.3.1"
172.17.0.1 - tahir [11/Oct/2019:15:55:14 +0000] "POST /jenkins1/maven1.git/git-receive-pack HTTP/1.1" 200 52 "" "git/1.8.3.1"
127.0.0.1 - - [11/Oct/2019:15:55:23 +0000] "GET /help HTTP/1.1" 200 82920 "" "curl/7.59.0-DEV"
127.0.0.1 - - [11/Oct/2019:15:56:24 +0000] "GET /help HTTP/1.1" 200 82920 "" "curl/7.59.0-DEV"
127.0.0.1 - - [11/Oct/2019:15:57:24 +0000] "GET /help HTTP/1.1" 200 82920 "" "curl/7.59.0-DEV"
127.0.0.1 - - [11/Oct/2019:15:58:24 +0000] "GET /help HTTP/1.1" 200 82920 "" "curl/7.59.0-DEV"
127.0.0.1 - - [11/Oct/2019:15:59:25 +0000] "GET /help HTTP/1.1" 200 82920 "" "curl/7.59.0-DEV"
127.0.0.1 - - [11/Oct/2019:16:00:25 +0000] "GET /help HTTP/1.1" 200 82920 "" "curl/7.59.0-DEV"
127.0.0.1 - - [11/Oct/2019:16:01:26 +0000] "GET /help HTTP/1.1" 200 82920 "" "curl/7.59.0-DEV"
127.0.0.1 - - [11/Oct/2019:16:02:27 +0000] "GET /help HTTP/1.1" 200 82920 "" "curl/7.59.0-DEV"
127.0.0.1 - - [11/Oct/2019:16:03:27 +0000] "GET /help HTTP/1.1" 200 82920 "" "curl/7.59.0-DEV"
127.0.0.1 - - [11/Oct/2019:16:04:28 +0000] "GET /help HTTP/1.1" 200 82920 "" "curl/7.59.0-DEV"
127.0.0.1 - - [11/Oct/2019:16:05:28 +0000] "GET /help HTTP/1.1" 200 82920 "" "curl/7.59.0-DEV"
127.0.0.1 - - [11/Oct/2019:16:06:29 +0000] "GET /help HTTP/1.1" 200 82920 "" "curl/7.59.0-DEV"
127.0.0.1 - - [11/Oct/2019:16:07:29 +0000] "GET /help HTTP/1.1" 200 82920 "" "curl/7.59.0-DEV"
127.0.0.1 - - [11/Oct/2019:16:08:30 +0000] "GET /help HTTP/1.1" 200 82920 "" "curl/7.59.0-DEV"
127.0.0.1 - - [11/Oct/2019:16:09:30 +0000] "GET /help HTTP/1.1" 200 82920 "" "curl/7.59.0-DEV"
127.0.0.1 - - [11/Oct/2019:16:10:31 +0000] "GET /help HTTP/1.1" 200 82920 "" "curl/7.59.0-DEV"
127.0.0.1 - - [11/Oct/2019:16:11:32 +0000] "GET /help HTTP/1.1" 200 82920 "" "curl/7.59.0-DEV"
127.0.0.1 - - [11/Oct/2019:16:12:32 +0000] "GET /help HTTP/1.1" 200 82920 "" "curl/7.59.0-DEV"
127.0.0.1 - - [11/Oct/2019:16:13:33 +0000] "GET /help HTTP/1.1" 200 82920 "" "curl/7.59.0-DEV"
127.0.0.1 - - [11/Oct/2019:16:14:33 +0000] "GET /help HTTP/1.1" 200 82920 "" "curl/7.59.0-DEV"
127.0.0.1 - - [11/Oct/2019:16:15:34 +0000] "GET /help HTTP/1.1" 200 82920 "" "curl/7.59.0-DEV"
127.0.0.1 - - [11/Oct/2019:16:16:34 +0000] "GET /help HTTP/1.1" 200 82920 "" "curl/7.59.0-DEV"
127.0.0.1 - - [11/Oct/2019:16:17:35 +0000] "GET /help HTTP/1.1" 200 82920 "" "curl/7.59.0-DEV"
127.0.0.1 - - [11/Oct/2019:16:18:35 +0000] "GET /help HTTP/1.1" 200 82920 "" "curl/7.59.0-DEV"
127.0.0.1 - - [11/Oct/2019:16:19:36 +0000] "GET /help HTTP/1.1" 200 82927 "" "curl/7.59.0-DEV"
127.0.0.1 - - [11/Oct/2019:16:20:36 +0000] "GET /help HTTP/1.1" 200 82920 "" "curl/7.59.0-DEV"
127.0.0.1 - - [11/Oct/2019:16:21:37 +0000] "GET /help HTTP/1.1" 200 82920 "" "curl/7.59.0-DEV"
127.0.0.1 - - [11/Oct/2019:16:22:37 +0000] "GET /help HTTP/1.1" 200 82920 "" "curl/7.59.0-DEV"
127.0.0.1 - - [11/Oct/2019:16:23:38 +0000] "GET /help HTTP/1.1" 200 82920 "" "curl/7.59.0-DEV"
127.0.0.1 - - [11/Oct/2019:16:24:38 +0000] "GET /help HTTP/1.1" 200 82920 "" "curl/7.59.0-DEV"
127.0.0.1 - - [11/Oct/2019:16:25:38 +0000] "GET /help HTTP/1.1" 200 82920 "" "curl/7.59.0-DEV"
127.0.0.1 - - [11/Oct/2019:16:26:39 +0000] "GET /help HTTP/1.1" 200 82920 "" "curl/7.59.0-DEV"
127.0.0.1 - - [11/Oct/2019:16:27:39 +0000] "GET /help HTTP/1.1" 200 82920 "" "curl/7.59.0-DEV"
127.0.0.1 - - [11/Oct/2019:16:28:40 +0000] "GET /help HTTP/1.1" 200 82920 "" "curl/7.59.0-DEV"
127.0.0.1 - - [11/Oct/2019:16:29:40 +0000] "GET /help HTTP/1.1" 200 82920 "" "curl/7.59.0-DEV"
127.0.0.1 - - [11/Oct/2019:16:30:41 +0000] "GET /help HTTP/1.1" 200 82920 "" "curl/7.59.0-DEV"
127.0.0.1 - - [11/Oct/2019:16:31:42 +0000] "GET /help HTTP/1.1" 200 82920 "" "curl/7.59.0-DEV"
127.0.0.1 - - [11/Oct/2019:16:32:42 +0000] "GET /help HTTP/1.1" 200 82920 "" "curl/7.59.0-DEV"
127.0.0.1 - - [11/Oct/2019:16:33:43 +0000] "GET /help HTTP/1.1" 200 82920 "" "curl/7.59.0-DEV"
127.0.0.1 - - [11/Oct/2019:16:34:43 +0000] "GET /help HTTP/1.1" 200 82920 "" "curl/7.59.0-DEV"
127.0.0.1 - - [11/Oct/2019:16:35:44 +0000] "GET /help HTTP/1.1" 200 82920 "" "curl/7.59.0-DEV"
127.0.0.1 - - [11/Oct/2019:16:36:44 +0000] "GET /help HTTP/1.1" 200 82920 "" "curl/7.59.0-DEV"
127.0.0.1 - - [11/Oct/2019:16:37:44 +0000] "GET /help HTTP/1.1" 200 82920 "" "curl/7.59.0-DEV"
127.0.0.1 - - [11/Oct/2019:16:38:45 +0000] "GET /help HTTP/1.1" 200 82920 "" "curl/7.59.0-DEV"
127.0.0.1 - - [11/Oct/2019:16:39:45 +0000] "GET /help HTTP/1.1" 200 82920 "" "curl/7.59.0-DEV"
127.0.0.1 - - [11/Oct/2019:16:40:46 +0000] "GET /help HTTP/1.1" 200 82920 "" "curl/7.59.0-DEV"
127.0.0.1 - - [11/Oct/2019:16:41:46 +0000] "GET /help HTTP/1.1" 200 82920 "" "curl/7.59.0-DEV"
127.0.0.1 - - [11/Oct/2019:16:42:47 +0000] "GET /help HTTP/1.1" 200 82927 "" "curl/7.59.0-DEV"
127.0.0.1 - - [11/Oct/2019:16:43:48 +0000] "GET /help HTTP/1.1" 200 82920 "" "curl/7.59.0-DEV"
127.0.0.1 - - [11/Oct/2019:16:44:48 +0000] "GET /help HTTP/1.1" 200 82920 "" "curl/7.59.0-DEV"
127.0.0.1 - - [11/Oct/2019:16:45:49 +0000] "GET /help HTTP/1.1" 200 82920 "" "curl/7.59.0-DEV"
127.0.0.1 - - [11/Oct/2019:16:46:49 +0000] "GET /help HTTP/1.1" 200 82920 "" "curl/7.59.0-DEV"
127.0.0.1 - - [11/Oct/2019:16:47:49 +0000] "GET /help HTTP/1.1" 200 82920 "" "curl/7.59.0-DEV"
127.0.0.1 - - [11/Oct/2019:16:48:50 +0000] "GET /help HTTP/1.1" 200 82920 "" "curl/7.59.0-DEV"
127.0.0.1 - - [11/Oct/2019:16:49:50 +0000] "GET /help HTTP/1.1" 200 82920 "" "curl/7.59.0-DEV"
127.0.0.1 - - [11/Oct/2019:16:50:51 +0000] "GET /help HTTP/1.1" 200 82920 "" "curl/7.59.0-DEV"
127.0.0.1 - - [11/Oct/2019:16:51:51 +0000] "GET /help HTTP/1.1" 200 82920 "" "curl/7.59.0-DEV"
127.0.0.1 - - [11/Oct/2019:16:52:52 +0000] "GET /help HTTP/1.1" 200 82920 "" "curl/7.59.0-DEV"
127.0.0.1 - - [11/Oct/2019:16:53:52 +0000] "GET /help HTTP/1.1" 200 82920 "" "curl/7.59.0-DEV"
127.0.0.1 - - [11/Oct/2019:16:54:53 +0000] "GET /help HTTP/1.1" 200 82920 "" "curl/7.59.0-DEV"
127.0.0.1 - - [11/Oct/2019:16:55:53 +0000] "GET /help HTTP/1.1" 200 82920 "" "curl/7.59.0-DEV"
127.0.0.1 - - [11/Oct/2019:16:56:54 +0000] "GET /help HTTP/1.1" 200 82920 "" "curl/7.59.0-DEV"
127.0.0.1 - - [11/Oct/2019:16:57:54 +0000] "GET /help HTTP/1.1" 200 82920 "" "curl/7.59.0-DEV"
127.0.0.1 - - [11/Oct/2019:16:58:55 +0000] "GET /help HTTP/1.1" 200 82920 "" "curl/7.59.0-DEV"
127.0.0.1 - - [11/Oct/2019:16:59:55 +0000] "GET /help HTTP/1.1" 200 82920 "" "curl/7.59.0-DEV"
127.0.0.1 - - [11/Oct/2019:17:00:55 +0000] "GET /help HTTP/1.1" 200 82920 "" "curl/7.59.0-DEV"
127.0.0.1 - - [11/Oct/2019:17:01:56 +0000] "GET /help HTTP/1.1" 200 82920 "" "curl/7.59.0-DEV"
127.0.0.1 - - [11/Oct/2019:17:02:56 +0000] "GET /help HTTP/1.1" 200 82920 "" "curl/7.59.0-DEV"
127.0.0.1 - - [11/Oct/2019:17:03:57 +0000] "GET /help HTTP/1.1" 200 82920 "" "curl/7.59.0-DEV"
127.0.0.1 - - [11/Oct/2019:17:04:57 +0000] "GET /help HTTP/1.1" 200 82920 "" "curl/7.59.0-DEV"
127.0.0.1 - - [11/Oct/2019:17:05:58 +0000] "GET /help HTTP/1.1" 200 82920 "" "curl/7.59.0-DEV"
127.0.0.1 - - [11/Oct/2019:17:06:58 +0000] "GET /help HTTP/1.1" 200 82920 "" "curl/7.59.0-DEV"
127.0.0.1 - - [11/Oct/2019:17:07:59 +0000] "GET /help HTTP/1.1" 200 82920 "" "curl/7.59.0-DEV"
