127.0.0.1 - - [11/Oct/2019:13:52:22 +0000] "GET /help HTTP/1.1" 200 82920 "" "curl/7.59.0-DEV"
127.0.0.1 - - [11/Oct/2019:13:53:23 +0000] "GET /help HTTP/1.1" 200 82920 "" "curl/7.59.0-DEV"
192.168.0.105 - - [11/Oct/2019:13:53:34 +0000] "GET / HTTP/1.1" 302 105 "" "Mozilla/5.0 (Windows NT 6.3; Win64; x64) AppleWebKit/537.36 (KHTML, like Gecko) Chrome/77.0.3865.90 Safari/537.36"
192.168.0.105 - - [11/Oct/2019:13:53:35 +0000] "GET /users/sign_in HTTP/1.1" 302 153 "" "Mozilla/5.0 (Windows NT 6.3; Win64; x64) AppleWebKit/537.36 (KHTML, like Gecko) Chrome/77.0.3865.90 Safari/537.36"
192.168.0.105 - - [11/Oct/2019:13:53:35 +0000] "GET /users/password/edit?reset_password_token=tgEZnMMnc3QAxa_LAJst HTTP/1.1" 200 3974 "" "Mozilla/5.0 (Windows NT 6.3; Win64; x64) AppleWebKit/537.36 (KHTML, like Gecko) Chrome/77.0.3865.90 Safari/537.36"
192.168.0.105 - - [11/Oct/2019:13:53:35 +0000] "GET /assets/webpack/runtime.15f5b13a.bundle.js HTTP/1.1" 200 2007 "http://192.168.0.102:8010/users/password/edit" "Mozilla/5.0 (Windows NT 6.3; Win64; x64) AppleWebKit/537.36 (KHTML, like Gecko) Chrome/77.0.3865.90 Safari/537.36"
192.168.0.105 - - [11/Oct/2019:13:53:35 +0000] "GET /assets/application-def1880ada798c68ee010ba2193f53a2c65a8981871a634ae7e18ccdcd503fa3.css HTTP/1.1" 200 144386 "http://192.168.0.102:8010/users/password/edit" "Mozilla/5.0 (Windows NT 6.3; Win64; x64) AppleWebKit/537.36 (KHTML, like Gecko) Chrome/77.0.3865.90 Safari/537.36"
192.168.0.105 - - [11/Oct/2019:13:53:35 +0000] "GET /assets/highlight/themes/white-3144068cf4f603d290f553b653926358ddcd02493b9728f62417682657fc58c0.css HTTP/1.1" 200 864 "http://192.168.0.102:8010/users/password/edit" "Mozilla/5.0 (Windows NT 6.3; Win64; x64) AppleWebKit/537.36 (KHTML, like Gecko) Chrome/77.0.3865.90 Safari/537.36"
192.168.0.105 - - [11/Oct/2019:13:53:35 +0000] "GET /assets/webpack/default.f0071597.chunk.js HTTP/1.1" 200 159 "http://192.168.0.102:8010/users/password/edit" "Mozilla/5.0 (Windows NT 6.3; Win64; x64) AppleWebKit/537.36 (KHTML, like Gecko) Chrome/77.0.3865.90 Safari/537.36"
192.168.0.105 - - [11/Oct/2019:13:53:35 +0000] "GET /assets/webpack/main.f8ac0dda.chunk.js HTTP/1.1" 200 837450 "http://192.168.0.102:8010/users/password/edit" "Mozilla/5.0 (Windows NT 6.3; Win64; x64) AppleWebKit/537.36 (KHTML, like Gecko) Chrome/77.0.3865.90 Safari/537.36"
192.168.0.105 - - [11/Oct/2019:13:53:35 +0000] "GET /assets/icons-4009ebf96719f129f954d643e65f87152b5e6c4a4917130c4a696beb54af9949.svg HTTP/1.1" 200 29434 "http://192.168.0.102:8010/users/password/edit" "Mozilla/5.0 (Windows NT 6.3; Win64; x64) AppleWebKit/537.36 (KHTML, like Gecko) Chrome/77.0.3865.90 Safari/537.36"
192.168.0.105 - - [11/Oct/2019:13:53:35 +0000] "GET /assets/print-74c3df10dad473d66660c828e3aa54ca3bfeac6d8bb708643331403fe7211e60.css HTTP/1.1" 200 382 "http://192.168.0.102:8010/users/password/edit" "Mozilla/5.0 (Windows NT 6.3; Win64; x64) AppleWebKit/537.36 (KHTML, like Gecko) Chrome/77.0.3865.90 Safari/537.36"
192.168.0.105 - - [11/Oct/2019:13:53:36 +0000] "GET /assets/favicon-7901bd695fb93edb07975966062049829afb56cf11511236e61bcf425070e36e.png HTTP/1.1" 200 1611 "http://192.168.0.102:8010/users/password/edit" "Mozilla/5.0 (Windows NT 6.3; Win64; x64) AppleWebKit/537.36 (KHTML, like Gecko) Chrome/77.0.3865.90 Safari/537.36"
127.0.0.1 - - [11/Oct/2019:13:54:25 +0000] "GET /help HTTP/1.1" 200 82927 "" "curl/7.59.0-DEV"
127.0.0.1 - - [11/Oct/2019:13:55:25 +0000] "GET /help HTTP/1.1" 200 82920 "" "curl/7.59.0-DEV"
192.168.0.105 - - [11/Oct/2019:13:55:27 +0000] "POST /users/password HTTP/1.1" 302 105 "http://192.168.0.102:8010/users/password/edit" "Mozilla/5.0 (Windows NT 6.3; Win64; x64) AppleWebKit/537.36 (KHTML, like Gecko) Chrome/77.0.3865.90 Safari/537.36"
192.168.0.105 - - [11/Oct/2019:13:55:28 +0000] "GET /users/sign_in HTTP/1.1" 200 4873 "http://192.168.0.102:8010/users/password/edit" "Mozilla/5.0 (Windows NT 6.3; Win64; x64) AppleWebKit/537.36 (KHTML, like Gecko) Chrome/77.0.3865.90 Safari/537.36"
192.168.0.105 - - [11/Oct/2019:13:55:28 +0000] "GET /assets/webpack/pages.sessions.new.43a2b15c.chunk.js HTTP/1.1" 200 4471 "http://192.168.0.102:8010/users/sign_in" "Mozilla/5.0 (Windows NT 6.3; Win64; x64) AppleWebKit/537.36 (KHTML, like Gecko) Chrome/77.0.3865.90 Safari/537.36"
192.168.0.105 - - [11/Oct/2019:13:55:28 +0000] "GET /assets/webpack/commons~pages.ldap.omniauth_callbacks~pages.omniauth_callbacks~pages.sessions~pages.sessions.new.2d084bdb.chunk.js HTTP/1.1" 200 3642 "http://192.168.0.102:8010/users/sign_in" "Mozilla/5.0 (Windows NT 6.3; Win64; x64) AppleWebKit/537.36 (KHTML, like Gecko) Chrome/77.0.3865.90 Safari/537.36"
192.168.0.105 - - [11/Oct/2019:13:55:50 +0000] "POST /users/sign_in HTTP/1.1" 302 92 "http://192.168.0.102:8010/users/sign_in" "Mozilla/5.0 (Windows NT 6.3; Win64; x64) AppleWebKit/537.36 (KHTML, like Gecko) Chrome/77.0.3865.90 Safari/537.36"
192.168.0.105 - - [11/Oct/2019:13:55:50 +0000] "GET / HTTP/1.1" 200 8747 "http://192.168.0.102:8010/users/sign_in" "Mozilla/5.0 (Windows NT 6.3; Win64; x64) AppleWebKit/537.36 (KHTML, like Gecko) Chrome/77.0.3865.90 Safari/537.36"
192.168.0.105 - - [11/Oct/2019:13:55:50 +0000] "GET /assets/webpack/pages.root.bc4b551e.chunk.js HTTP/1.1" 200 1542 "http://192.168.0.102:8010/" "Mozilla/5.0 (Windows NT 6.3; Win64; x64) AppleWebKit/537.36 (KHTML, like Gecko) Chrome/77.0.3865.90 Safari/537.36"
127.0.0.1 - - [11/Oct/2019:13:56:26 +0000] "GET /help HTTP/1.1" 200 82920 "" "curl/7.59.0-DEV"
127.0.0.1 - - [11/Oct/2019:13:57:27 +0000] "GET /help HTTP/1.1" 200 82920 "" "curl/7.59.0-DEV"
127.0.0.1 - - [11/Oct/2019:13:58:27 +0000] "GET /help HTTP/1.1" 200 82920 "" "curl/7.59.0-DEV"
127.0.0.1 - - [11/Oct/2019:13:59:28 +0000] "GET /help HTTP/1.1" 200 82920 "" "curl/7.59.0-DEV"
127.0.0.1 - - [11/Oct/2019:14:00:29 +0000] "GET /help HTTP/1.1" 200 82920 "" "curl/7.59.0-DEV"
192.168.0.105 - - [11/Oct/2019:14:01:17 +0000] "GET /groups/new HTTP/1.1" 200 7998 "http://192.168.0.102:8010/" "Mozilla/5.0 (Windows NT 6.3; Win64; x64) AppleWebKit/537.36 (KHTML, like Gecko) Chrome/77.0.3865.90 Safari/537.36"
192.168.0.105 - - [11/Oct/2019:14:01:17 +0000] "GET /assets/webpack/commons~pages.admin.clusters~pages.admin.clusters.destroy~pages.admin.clusters.edit~pages.admin.clus~17e57b7f.1e0b3713.chunk.js HTTP/1.1" 200 5177 "http://192.168.0.102:8010/groups/new" "Mozilla/5.0 (Windows NT 6.3; Win64; x64) AppleWebKit/537.36 (KHTML, like Gecko) Chrome/77.0.3865.90 Safari/537.36"
192.168.0.105 - - [11/Oct/2019:14:01:17 +0000] "GET /assets/webpack/pages.groups.new.97bb370e.chunk.js HTTP/1.1" 200 917 "http://192.168.0.102:8010/groups/new" "Mozilla/5.0 (Windows NT 6.3; Win64; x64) AppleWebKit/537.36 (KHTML, like Gecko) Chrome/77.0.3865.90 Safari/537.36"
192.168.0.105 - - [11/Oct/2019:14:01:17 +0000] "GET /assets/fontawesome-webfont-2adefcbc041e7d18fcf2d417879dc5a09997aa64d675b7a3c4b6ce33da13f3fe.woff2 HTTP/1.1" 200 77160 "http://192.168.0.102:8010/assets/application-def1880ada798c68ee010ba2193f53a2c65a8981871a634ae7e18ccdcd503fa3.css" "Mozilla/5.0 (Windows NT 6.3; Win64; x64) AppleWebKit/537.36 (KHTML, like Gecko) Chrome/77.0.3865.90 Safari/537.36"
127.0.0.1 - - [11/Oct/2019:14:01:29 +0000] "GET /help HTTP/1.1" 200 82920 "" "curl/7.59.0-DEV"
192.168.0.105 - - [11/Oct/2019:14:01:38 +0000] "POST /groups HTTP/1.1" 302 100 "http://192.168.0.102:8010/groups/new" "Mozilla/5.0 (Windows NT 6.3; Win64; x64) AppleWebKit/537.36 (KHTML, like Gecko) Chrome/77.0.3865.90 Safari/537.36"
192.168.0.105 - - [11/Oct/2019:14:01:39 +0000] "GET /jenkins1 HTTP/1.1" 200 14239 "http://192.168.0.102:8010/groups/new" "Mozilla/5.0 (Windows NT 6.3; Win64; x64) AppleWebKit/537.36 (KHTML, like Gecko) Chrome/77.0.3865.90 Safari/537.36"
192.168.0.105 - - [11/Oct/2019:14:01:39 +0000] "GET /assets/webpack/commons~pages.groups.details~pages.groups.show~pages.projects.graphs.show~pages.users.52f2004f.chunk.js HTTP/1.1" 200 24375 "http://192.168.0.102:8010/jenkins1" "Mozilla/5.0 (Windows NT 6.3; Win64; x64) AppleWebKit/537.36 (KHTML, like Gecko) Chrome/77.0.3865.90 Safari/537.36"
192.168.0.105 - - [11/Oct/2019:14:01:39 +0000] "GET /assets/webpack/pages.groups.show.a944d493.chunk.js HTTP/1.1" 200 18472 "http://192.168.0.102:8010/jenkins1" "Mozilla/5.0 (Windows NT 6.3; Win64; x64) AppleWebKit/537.36 (KHTML, like Gecko) Chrome/77.0.3865.90 Safari/537.36"
192.168.0.105 - - [11/Oct/2019:14:01:39 +0000] "GET /groups/jenkins1/-/children.json HTTP/1.1" 200 2 "http://192.168.0.102:8010/jenkins1" "Mozilla/5.0 (Windows NT 6.3; Win64; x64) AppleWebKit/537.36 (KHTML, like Gecko) Chrome/77.0.3865.90 Safari/537.36"
192.168.0.105 - - [11/Oct/2019:14:01:49 +0000] "GET /projects/new?namespace_id=2 HTTP/1.1" 200 15296 "http://192.168.0.102:8010/jenkins1" "Mozilla/5.0 (Windows NT 6.3; Win64; x64) AppleWebKit/537.36 (KHTML, like Gecko) Chrome/77.0.3865.90 Safari/537.36"
192.168.0.105 - - [11/Oct/2019:14:01:49 +0000] "GET /assets/webpack/pages.projects.new.7c1cf67d.chunk.js HTTP/1.1" 200 5302 "http://192.168.0.102:8010/projects/new" "Mozilla/5.0 (Windows NT 6.3; Win64; x64) AppleWebKit/537.36 (KHTML, like Gecko) Chrome/77.0.3865.90 Safari/537.36"
192.168.0.105 - - [11/Oct/2019:14:01:49 +0000] "GET /assets/webpack/vendors~select2.7ddce1ec.chunk.js HTTP/1.1" 200 17938 "http://192.168.0.102:8010/projects/new" "Mozilla/5.0 (Windows NT 6.3; Win64; x64) AppleWebKit/537.36 (KHTML, like Gecko) Chrome/77.0.3865.90 Safari/537.36"
192.168.0.105 - - [11/Oct/2019:14:01:49 +0000] "GET /assets/select2.png HTTP/1.1" 404 19 "http://192.168.0.102:8010/assets/application-def1880ada798c68ee010ba2193f53a2c65a8981871a634ae7e18ccdcd503fa3.css" "Mozilla/5.0 (Windows NT 6.3; Win64; x64) AppleWebKit/537.36 (KHTML, like Gecko) Chrome/77.0.3865.90 Safari/537.36"
192.168.0.105 - - [11/Oct/2019:14:01:49 +0000] "GET /assets/select2-d6b5d8d83dbc18fb8d77c8761d331cd9e5123c9684950bab0406e98a24ac5ae8.png HTTP/1.1" 200 613 "http://192.168.0.102:8010/assets/application-def1880ada798c68ee010ba2193f53a2c65a8981871a634ae7e18ccdcd503fa3.css" "Mozilla/5.0 (Windows NT 6.3; Win64; x64) AppleWebKit/537.36 (KHTML, like Gecko) Chrome/77.0.3865.90 Safari/537.36"
192.168.0.105 - - [11/Oct/2019:14:02:08 +0000] "POST /projects HTTP/1.1" 302 107 "http://192.168.0.102:8010/projects/new" "Mozilla/5.0 (Windows NT 6.3; Win64; x64) AppleWebKit/537.36 (KHTML, like Gecko) Chrome/77.0.3865.90 Safari/537.36"
192.168.0.105 - - [11/Oct/2019:14:02:09 +0000] "GET /jenkins1/maven1 HTTP/1.1" 200 13031 "http://192.168.0.102:8010/projects/new" "Mozilla/5.0 (Windows NT 6.3; Win64; x64) AppleWebKit/537.36 (KHTML, like Gecko) Chrome/77.0.3865.90 Safari/537.36"
192.168.0.105 - - [11/Oct/2019:14:02:09 +0000] "GET /assets/webpack/pages.projects.show.cd577b9c.chunk.js HTTP/1.1" 200 11464 "http://192.168.0.102:8010/jenkins1/maven1" "Mozilla/5.0 (Windows NT 6.3; Win64; x64) AppleWebKit/537.36 (KHTML, like Gecko) Chrome/77.0.3865.90 Safari/537.36"
192.168.0.105 - - [11/Oct/2019:14:02:09 +0000] "GET /assets/webpack/commons~pages.groups.milestones.edit~pages.groups.milestones.new~pages.projects.blame.show~pages.pro~d3e579ac.0dc404e7.chunk.js HTTP/1.1" 200 11360 "http://192.168.0.102:8010/jenkins1/maven1" "Mozilla/5.0 (Windows NT 6.3; Win64; x64) AppleWebKit/537.36 (KHTML, like Gecko) Chrome/77.0.3865.90 Safari/537.36"
127.0.0.1 - - [11/Oct/2019:14:02:29 +0000] "GET /help HTTP/1.1" 200 82920 "" "curl/7.59.0-DEV"
127.0.0.1 - - [11/Oct/2019:14:03:30 +0000] "GET /help HTTP/1.1" 200 82927 "" "curl/7.59.0-DEV"
192.168.0.105 - - [11/Oct/2019:14:04:06 +0000] "GET /admin HTTP/1.1" 200 8952 "http://192.168.0.102:8010/jenkins1/maven1" "Mozilla/5.0 (Windows NT 6.3; Win64; x64) AppleWebKit/537.36 (KHTML, like Gecko) Chrome/77.0.3865.90 Safari/537.36"
192.168.0.105 - - [11/Oct/2019:14:04:06 +0000] "GET /assets/webpack/pages.admin.d37a7512.chunk.js HTTP/1.1" 200 1999 "http://192.168.0.102:8010/admin" "Mozilla/5.0 (Windows NT 6.3; Win64; x64) AppleWebKit/537.36 (KHTML, like Gecko) Chrome/77.0.3865.90 Safari/537.36"
192.168.0.105 - - [11/Oct/2019:14:04:07 +0000] "GET /api/v4/application/statistics HTTP/1.1" 200 165 "http://192.168.0.102:8010/admin" "Mozilla/5.0 (Windows NT 6.3; Win64; x64) AppleWebKit/537.36 (KHTML, like Gecko) Chrome/77.0.3865.90 Safari/537.36"
192.168.0.105 - - [11/Oct/2019:14:04:09 +0000] "GET /admin/users HTTP/1.1" 200 9158 "http://192.168.0.102:8010/admin" "Mozilla/5.0 (Windows NT 6.3; Win64; x64) AppleWebKit/537.36 (KHTML, like Gecko) Chrome/77.0.3865.90 Safari/537.36"
192.168.0.105 - - [11/Oct/2019:14:04:09 +0000] "GET /assets/webpack/pages.admin.users.638b5776.chunk.js HTTP/1.1" 200 3900 "http://192.168.0.102:8010/admin/users" "Mozilla/5.0 (Windows NT 6.3; Win64; x64) AppleWebKit/537.36 (KHTML, like Gecko) Chrome/77.0.3865.90 Safari/537.36"
192.168.0.105 - - [11/Oct/2019:14:04:13 +0000] "GET /admin/users/new HTTP/1.1" 200 9318 "http://192.168.0.102:8010/admin/users" "Mozilla/5.0 (Windows NT 6.3; Win64; x64) AppleWebKit/537.36 (KHTML, like Gecko) Chrome/77.0.3865.90 Safari/537.36"
192.168.0.105 - - [11/Oct/2019:14:04:13 +0000] "GET /assets/webpack/pages.admin.users.new.63ca9f7f.chunk.js HTTP/1.1" 200 4385 "http://192.168.0.102:8010/admin/users/new" "Mozilla/5.0 (Windows NT 6.3; Win64; x64) AppleWebKit/537.36 (KHTML, like Gecko) Chrome/77.0.3865.90 Safari/537.36"
127.0.0.1 - - [11/Oct/2019:14:04:31 +0000] "GET /help HTTP/1.1" 200 82920 "" "curl/7.59.0-DEV"
192.168.0.105 - - [11/Oct/2019:14:05:24 +0000] "POST /admin/users HTTP/1.1" 302 113 "http://192.168.0.102:8010/admin/users/new" "Mozilla/5.0 (Windows NT 6.3; Win64; x64) AppleWebKit/537.36 (KHTML, like Gecko) Chrome/77.0.3865.90 Safari/537.36"
192.168.0.105 - - [11/Oct/2019:14:05:24 +0000] "GET /admin/users/ataullahq HTTP/1.1" 200 9591 "http://192.168.0.102:8010/admin/users/new" "Mozilla/5.0 (Windows NT 6.3; Win64; x64) AppleWebKit/537.36 (KHTML, like Gecko) Chrome/77.0.3865.90 Safari/537.36"
127.0.0.1 - - [11/Oct/2019:14:05:31 +0000] "GET /help HTTP/1.1" 200 82920 "" "curl/7.59.0-DEV"
192.168.0.105 - - [11/Oct/2019:14:05:33 +0000] "GET /admin/users/ataullahq/edit HTTP/1.1" 200 9363 "http://192.168.0.102:8010/admin/users/ataullahq" "Mozilla/5.0 (Windows NT 6.3; Win64; x64) AppleWebKit/537.36 (KHTML, like Gecko) Chrome/77.0.3865.90 Safari/537.36"
192.168.0.105 - - [11/Oct/2019:14:06:05 +0000] "POST /admin/users/ataullahq HTTP/1.1" 302 113 "http://192.168.0.102:8010/admin/users/ataullahq/edit" "Mozilla/5.0 (Windows NT 6.3; Win64; x64) AppleWebKit/537.36 (KHTML, like Gecko) Chrome/77.0.3865.90 Safari/537.36"
192.168.0.105 - - [11/Oct/2019:14:06:05 +0000] "GET /admin/users/ataullahq HTTP/1.1" 200 9592 "http://192.168.0.102:8010/admin/users/ataullahq/edit" "Mozilla/5.0 (Windows NT 6.3; Win64; x64) AppleWebKit/537.36 (KHTML, like Gecko) Chrome/77.0.3865.90 Safari/537.36"
127.0.0.1 - - [11/Oct/2019:14:06:31 +0000] "GET /help HTTP/1.1" 200 82920 "" "curl/7.59.0-DEV"
192.168.0.105 - - [11/Oct/2019:14:07:00 +0000] "GET /admin/projects HTTP/1.1" 200 9181 "http://192.168.0.102:8010/admin/users/ataullahq" "Mozilla/5.0 (Windows NT 6.3; Win64; x64) AppleWebKit/537.36 (KHTML, like Gecko) Chrome/77.0.3865.90 Safari/537.36"
192.168.0.105 - - [11/Oct/2019:14:07:00 +0000] "GET /assets/webpack/pages.admin.projects.index.b9cacfce.chunk.js HTTP/1.1" 200 5154 "http://192.168.0.102:8010/admin/projects" "Mozilla/5.0 (Windows NT 6.3; Win64; x64) AppleWebKit/537.36 (KHTML, like Gecko) Chrome/77.0.3865.90 Safari/537.36"
192.168.0.105 - - [11/Oct/2019:14:07:04 +0000] "GET /admin/projects/jenkins1/maven1 HTTP/1.1" 200 10222 "http://192.168.0.102:8010/admin/projects" "Mozilla/5.0 (Windows NT 6.3; Win64; x64) AppleWebKit/537.36 (KHTML, like Gecko) Chrome/77.0.3865.90 Safari/537.36"
192.168.0.105 - - [11/Oct/2019:14:07:04 +0000] "GET /assets/webpack/pages.admin.projects.8627fe20.chunk.js HTTP/1.1" 200 3583 "http://192.168.0.102:8010/admin/projects/jenkins1/maven1" "Mozilla/5.0 (Windows NT 6.3; Win64; x64) AppleWebKit/537.36 (KHTML, like Gecko) Chrome/77.0.3865.90 Safari/537.36"
192.168.0.105 - - [11/Oct/2019:14:07:14 +0000] "GET /jenkins1/maven1/-/project_members HTTP/1.1" 200 11024 "http://192.168.0.102:8010/admin/projects/jenkins1/maven1" "Mozilla/5.0 (Windows NT 6.3; Win64; x64) AppleWebKit/537.36 (KHTML, like Gecko) Chrome/77.0.3865.90 Safari/537.36"
192.168.0.105 - - [11/Oct/2019:14:07:14 +0000] "GET /assets/webpack/commons~pages.admin.groups.show~pages.dashboard.todos.index~pages.groups.boards~pages.groups.group_m~e82670fe.44a8b171.chunk.js HTTP/1.1" 200 5374 "http://192.168.0.102:8010/jenkins1/maven1/-/project_members" "Mozilla/5.0 (Windows NT 6.3; Win64; x64) AppleWebKit/537.36 (KHTML, like Gecko) Chrome/77.0.3865.90 Safari/537.36"
192.168.0.105 - - [11/Oct/2019:14:07:14 +0000] "GET /assets/webpack/pages.projects.project_members.b3c2afde.chunk.js HTTP/1.1" 200 5228 "http://192.168.0.102:8010/jenkins1/maven1/-/project_members" "Mozilla/5.0 (Windows NT 6.3; Win64; x64) AppleWebKit/537.36 (KHTML, like Gecko) Chrome/77.0.3865.90 Safari/537.36"
192.168.0.105 - - [11/Oct/2019:14:07:18 +0000] "GET /assets/select2-spinner.gif HTTP/1.1" 404 19 "http://192.168.0.102:8010/assets/application-def1880ada798c68ee010ba2193f53a2c65a8981871a634ae7e18ccdcd503fa3.css" "Mozilla/5.0 (Windows NT 6.3; Win64; x64) AppleWebKit/537.36 (KHTML, like Gecko) Chrome/77.0.3865.90 Safari/537.36"
192.168.0.105 - - [11/Oct/2019:14:07:18 +0000] "GET /autocomplete/users.json?search=&active=true HTTP/1.1" 200 522 "http://192.168.0.102:8010/jenkins1/maven1/-/project_members" "Mozilla/5.0 (Windows NT 6.3; Win64; x64) AppleWebKit/537.36 (KHTML, like Gecko) Chrome/77.0.3865.90 Safari/537.36"
192.168.0.105 - - [11/Oct/2019:14:07:19 +0000] "GET /assets/select2.png HTTP/1.1" 404 19 "http://192.168.0.102:8010/assets/application-def1880ada798c68ee010ba2193f53a2c65a8981871a634ae7e18ccdcd503fa3.css" "Mozilla/5.0 (Windows NT 6.3; Win64; x64) AppleWebKit/537.36 (KHTML, like Gecko) Chrome/77.0.3865.90 Safari/537.36"
192.168.0.105 - - [11/Oct/2019:14:07:19 +0000] "GET /autocomplete/users.json?search=&active=true HTTP/1.1" 304 0 "http://192.168.0.102:8010/jenkins1/maven1/-/project_members" "Mozilla/5.0 (Windows NT 6.3; Win64; x64) AppleWebKit/537.36 (KHTML, like Gecko) Chrome/77.0.3865.90 Safari/537.36"
127.0.0.1 - - [11/Oct/2019:14:07:32 +0000] "GET /help HTTP/1.1" 200 82920 "" "curl/7.59.0-DEV"
192.168.0.105 - - [11/Oct/2019:14:07:59 +0000] "POST /jenkins1/maven1/-/project_members HTTP/1.1" 302 125 "http://192.168.0.102:8010/jenkins1/maven1/-/project_members" "Mozilla/5.0 (Windows NT 6.3; Win64; x64) AppleWebKit/537.36 (KHTML, like Gecko) Chrome/77.0.3865.90 Safari/537.36"
192.168.0.105 - - [11/Oct/2019:14:07:59 +0000] "GET /jenkins1/maven1/-/project_members HTTP/1.1" 200 11797 "http://192.168.0.102:8010/jenkins1/maven1/-/project_members" "Mozilla/5.0 (Windows NT 6.3; Win64; x64) AppleWebKit/537.36 (KHTML, like Gecko) Chrome/77.0.3865.90 Safari/537.36"
192.168.0.105 - - [11/Oct/2019:14:08:24 +0000] "GET /jenkins1/maven1 HTTP/1.1" 200 12961 "http://192.168.0.102:8010/jenkins1/maven1/-/project_members" "Mozilla/5.0 (Windows NT 6.3; Win64; x64) AppleWebKit/537.36 (KHTML, like Gecko) Chrome/77.0.3865.90 Safari/537.36"
192.168.0.105 - - [11/Oct/2019:14:08:32 +0000] "GET /jenkins1/maven1/edit HTTP/1.1" 200 14156 "http://192.168.0.102:8010/jenkins1/maven1" "Mozilla/5.0 (Windows NT 6.3; Win64; x64) AppleWebKit/537.36 (KHTML, like Gecko) Chrome/77.0.3865.90 Safari/537.36"
192.168.0.105 - - [11/Oct/2019:14:08:32 +0000] "GET /assets/webpack/commons~pages.groups.edit~pages.groups.settings.badges~pages.projects.edit.d074bfdc.chunk.js HTTP/1.1" 200 5817 "http://192.168.0.102:8010/jenkins1/maven1/edit" "Mozilla/5.0 (Windows NT 6.3; Win64; x64) AppleWebKit/537.36 (KHTML, like Gecko) Chrome/77.0.3865.90 Safari/537.36"
192.168.0.105 - - [11/Oct/2019:14:08:32 +0000] "GET /assets/webpack/pages.projects.edit.00379622.chunk.js HTTP/1.1" 200 9294 "http://192.168.0.102:8010/jenkins1/maven1/edit" "Mozilla/5.0 (Windows NT 6.3; Win64; x64) AppleWebKit/537.36 (KHTML, like Gecko) Chrome/77.0.3865.90 Safari/537.36"
192.168.0.105 - - [11/Oct/2019:14:08:32 +0000] "GET /assets/select2.png HTTP/1.1" 404 19 "http://192.168.0.102:8010/assets/application-def1880ada798c68ee010ba2193f53a2c65a8981871a634ae7e18ccdcd503fa3.css" "Mozilla/5.0 (Windows NT 6.3; Win64; x64) AppleWebKit/537.36 (KHTML, like Gecko) Chrome/77.0.3865.90 Safari/537.36"
127.0.0.1 - - [11/Oct/2019:14:08:33 +0000] "GET /help HTTP/1.1" 200 82920 "" "curl/7.59.0-DEV"
192.168.0.105 - - [11/Oct/2019:14:08:34 +0000] "GET /jenkins1/maven1/-/project_members HTTP/1.1" 200 11733 "http://192.168.0.102:8010/jenkins1/maven1/edit" "Mozilla/5.0 (Windows NT 6.3; Win64; x64) AppleWebKit/537.36 (KHTML, like Gecko) Chrome/77.0.3865.90 Safari/537.36"
192.168.0.105 - - [11/Oct/2019:14:08:48 +0000] "GET /assets/select2-spinner.gif HTTP/1.1" 404 19 "http://192.168.0.102:8010/assets/application-def1880ada798c68ee010ba2193f53a2c65a8981871a634ae7e18ccdcd503fa3.css" "Mozilla/5.0 (Windows NT 6.3; Win64; x64) AppleWebKit/537.36 (KHTML, like Gecko) Chrome/77.0.3865.90 Safari/537.36"
192.168.0.105 - - [11/Oct/2019:14:08:48 +0000] "GET /autocomplete/users.json?search=&active=true HTTP/1.1" 304 0 "http://192.168.0.102:8010/jenkins1/maven1/-/project_members" "Mozilla/5.0 (Windows NT 6.3; Win64; x64) AppleWebKit/537.36 (KHTML, like Gecko) Chrome/77.0.3865.90 Safari/537.36"
192.168.0.105 - - [11/Oct/2019:14:08:49 +0000] "GET /assets/select2.png HTTP/1.1" 404 19 "http://192.168.0.102:8010/assets/application-def1880ada798c68ee010ba2193f53a2c65a8981871a634ae7e18ccdcd503fa3.css" "Mozilla/5.0 (Windows NT 6.3; Win64; x64) AppleWebKit/537.36 (KHTML, like Gecko) Chrome/77.0.3865.90 Safari/537.36"
192.168.0.105 - - [11/Oct/2019:14:08:49 +0000] "GET /autocomplete/users.json?search=&active=true HTTP/1.1" 304 0 "http://192.168.0.102:8010/jenkins1/maven1/-/project_members" "Mozilla/5.0 (Windows NT 6.3; Win64; x64) AppleWebKit/537.36 (KHTML, like Gecko) Chrome/77.0.3865.90 Safari/537.36"
192.168.0.105 - - [11/Oct/2019:14:08:53 +0000] "POST /jenkins1/maven1/-/project_members HTTP/1.1" 302 125 "http://192.168.0.102:8010/jenkins1/maven1/-/project_members" "Mozilla/5.0 (Windows NT 6.3; Win64; x64) AppleWebKit/537.36 (KHTML, like Gecko) Chrome/77.0.3865.90 Safari/537.36"
192.168.0.105 - - [11/Oct/2019:14:08:53 +0000] "GET /jenkins1/maven1/-/project_members HTTP/1.1" 200 11795 "http://192.168.0.102:8010/jenkins1/maven1/-/project_members" "Mozilla/5.0 (Windows NT 6.3; Win64; x64) AppleWebKit/537.36 (KHTML, like Gecko) Chrome/77.0.3865.90 Safari/537.36"
127.0.0.1 - - [11/Oct/2019:14:09:33 +0000] "GET /help HTTP/1.1" 200 82920 "" "curl/7.59.0-DEV"
127.0.0.1 - - [11/Oct/2019:14:10:33 +0000] "GET /help HTTP/1.1" 200 82920 "" "curl/7.59.0-DEV"
127.0.0.1 - - [11/Oct/2019:14:11:34 +0000] "GET /help HTTP/1.1" 200 82920 "" "curl/7.59.0-DEV"
127.0.0.1 - - [11/Oct/2019:14:12:34 +0000] "GET /help HTTP/1.1" 200 82920 "" "curl/7.59.0-DEV"
192.168.0.105 - - [11/Oct/2019:14:12:57 +0000] "GET /jenkins1/maven1 HTTP/1.1" 200 12960 "http://192.168.0.102:8010/jenkins1/maven1/-/project_members" "Mozilla/5.0 (Windows NT 6.3; Win64; x64) AppleWebKit/537.36 (KHTML, like Gecko) Chrome/77.0.3865.90 Safari/537.36"
127.0.0.1 - - [11/Oct/2019:14:13:35 +0000] "GET /help HTTP/1.1" 200 82920 "" "curl/7.59.0-DEV"
192.168.0.102 - - [11/Oct/2019:14:14:20 +0000] "GET /jenkins1/maven1.git/info/refs?service=git-upload-pack HTTP/1.1" 401 26 "" "git/1.8.3.1"
192.168.0.102 - ataullahq [11/Oct/2019:14:14:20 +0000] "GET /jenkins1/maven1.git/info/refs?service=git-upload-pack HTTP/1.1" 403 55 "" "git/1.8.3.1"
127.0.0.1 - - [11/Oct/2019:14:14:35 +0000] "GET /help HTTP/1.1" 200 82920 "" "curl/7.59.0-DEV"
192.168.0.102 - - [11/Oct/2019:14:15:01 +0000] "GET /jenkins1/maven1.git/info/refs?service=git-upload-pack HTTP/1.1" 401 26 "" "git/1.8.3.1"
192.168.0.102 - ataullahq [11/Oct/2019:14:15:01 +0000] "GET /jenkins1/maven1.git/info/refs?service=git-upload-pack HTTP/1.1" 401 26 "" "git/1.8.3.1"
192.168.0.102 - - [11/Oct/2019:14:15:12 +0000] "GET /jenkins1/maven1.git/info/refs?service=git-upload-pack HTTP/1.1" 401 26 "" "git/1.8.3.1"
192.168.0.102 - ataullahq [11/Oct/2019:14:15:12 +0000] "GET /jenkins1/maven1.git/info/refs?service=git-upload-pack HTTP/1.1" 403 55 "" "git/1.8.3.1"
127.0.0.1 - - [11/Oct/2019:14:15:36 +0000] "GET /help HTTP/1.1" 200 82920 "" "curl/7.59.0-DEV"
172.17.0.1 - - [11/Oct/2019:14:16:02 +0000] "GET /jenkins1/maven1.git/info/refs?service=git-upload-pack HTTP/1.1" 401 26 "" "git/1.8.3.1"
172.17.0.1 - ataullahq [11/Oct/2019:14:16:02 +0000] "GET /jenkins1/maven1.git/info/refs?service=git-upload-pack HTTP/1.1" 403 55 "" "git/1.8.3.1"
172.17.0.1 - - [11/Oct/2019:14:16:25 +0000] "GET /jenkins1/maven1.git/info/refs?service=git-upload-pack HTTP/1.1" 401 26 "" "git/1.8.3.1"
127.0.0.1 - - [11/Oct/2019:14:16:36 +0000] "GET /help HTTP/1.1" 200 82927 "" "curl/7.59.0-DEV"
172.17.0.1 - - [11/Oct/2019:14:16:44 +0000] "GET /jenkins1/maven1.git/info/refs?service=git-upload-pack HTTP/1.1" 401 26 "" "git/1.8.3.1"
172.17.0.1 - ataullahq [11/Oct/2019:14:16:45 +0000] "GET /jenkins1/maven1.git/info/refs?service=git-upload-pack HTTP/1.1" 403 55 "" "git/1.8.3.1"
127.0.0.1 - - [11/Oct/2019:14:17:37 +0000] "GET /help HTTP/1.1" 200 82920 "" "curl/7.59.0-DEV"
127.0.0.1 - - [11/Oct/2019:14:18:38 +0000] "GET /help HTTP/1.1" 200 82920 "" "curl/7.59.0-DEV"
172.17.0.1 - - [11/Oct/2019:14:18:49 +0000] "GET /jenkins1/maven1.git/info/refs?service=git-upload-pack HTTP/1.1" 401 26 "" "git/1.8.3.1"
172.17.0.1 - - [11/Oct/2019:14:19:04 +0000] "GET /jenkins1/maven1.git/info/refs?service=git-upload-pack HTTP/1.1" 401 26 "" "git/1.8.3.1"
172.17.0.1 - ataullahq [11/Oct/2019:14:19:04 +0000] "GET /jenkins1/maven1.git/info/refs?service=git-upload-pack HTTP/1.1" 403 55 "" "git/1.8.3.1"
127.0.0.1 - - [11/Oct/2019:14:19:38 +0000] "GET /help HTTP/1.1" 200 82920 "" "curl/7.59.0-DEV"
127.0.0.1 - - [11/Oct/2019:14:20:38 +0000] "GET /help HTTP/1.1" 200 82920 "" "curl/7.59.0-DEV"
127.0.0.1 - - [11/Oct/2019:14:21:39 +0000] "GET /help HTTP/1.1" 200 82920 "" "curl/7.59.0-DEV"
127.0.0.1 - - [11/Oct/2019:14:22:39 +0000] "GET /help HTTP/1.1" 200 82920 "" "curl/7.59.0-DEV"
127.0.0.1 - - [11/Oct/2019:14:23:40 +0000] "GET /help HTTP/1.1" 200 82920 "" "curl/7.59.0-DEV"
127.0.0.1 - - [11/Oct/2019:14:24:40 +0000] "GET /help HTTP/1.1" 200 82920 "" "curl/7.59.0-DEV"
172.17.0.1 - - [11/Oct/2019:14:25:16 +0000] "GET /jenkins1/maven1.git/info/refs?service=git-upload-pack HTTP/1.1" 401 26 "" "git/1.8.3.1"
172.17.0.1 - - [11/Oct/2019:14:25:27 +0000] "GET /jenkins1/maven1.git/info/refs?service=git-upload-pack HTTP/1.1" 401 26 "" "git/1.8.3.1"
172.17.0.1 - ataullahq [11/Oct/2019:14:25:28 +0000] "GET /jenkins1/maven1.git/info/refs?service=git-upload-pack HTTP/1.1" 403 55 "" "git/1.8.3.1"
127.0.0.1 - - [11/Oct/2019:14:25:41 +0000] "GET /help HTTP/1.1" 200 82927 "" "curl/7.59.0-DEV"
172.17.0.1 - - [11/Oct/2019:14:26:17 +0000] "GET /jenkins1/maven1.git/info/refs?service=git-upload-pack HTTP/1.1" 401 26 "" "git/1.8.3.1"
172.17.0.1 - - [11/Oct/2019:14:26:36 +0000] "GET /jenkins1/maven1.git/info/refs?service=git-upload-pack HTTP/1.1" 401 26 "" "git/1.8.3.1"
172.17.0.1 - ataullahq [11/Oct/2019:14:26:36 +0000] "GET /jenkins1/maven1.git/info/refs?service=git-upload-pack HTTP/1.1" 403 55 "" "git/1.8.3.1"
172.17.0.1 - - [11/Oct/2019:14:26:39 +0000] "GET /jenkins1/maven1.git/info/refs?service=git-upload-pack HTTP/1.1" 401 26 "" "git/1.8.3.1"
127.0.0.1 - - [11/Oct/2019:14:26:41 +0000] "GET /help HTTP/1.1" 200 82920 "" "curl/7.59.0-DEV"
172.17.0.1 - - [11/Oct/2019:14:26:46 +0000] "GET /jenkins1/maven1.git/info/refs?service=git-upload-pack HTTP/1.1" 401 26 "" "git/1.8.3.1"
172.17.0.1 - root [11/Oct/2019:14:26:46 +0000] "GET /jenkins1/maven1.git/info/refs?service=git-upload-pack HTTP/1.1" 200 57 "" "git/1.8.3.1"
192.168.0.105 - - [11/Oct/2019:14:27:03 +0000] "GET /jenkins1/maven1/edit HTTP/1.1" 200 14156 "http://192.168.0.102:8010/jenkins1/maven1" "Mozilla/5.0 (Windows NT 6.3; Win64; x64) AppleWebKit/537.36 (KHTML, like Gecko) Chrome/77.0.3865.90 Safari/537.36"
192.168.0.105 - - [11/Oct/2019:14:27:04 +0000] "GET /assets/select2.png HTTP/1.1" 404 19 "http://192.168.0.102:8010/assets/application-def1880ada798c68ee010ba2193f53a2c65a8981871a634ae7e18ccdcd503fa3.css" "Mozilla/5.0 (Windows NT 6.3; Win64; x64) AppleWebKit/537.36 (KHTML, like Gecko) Chrome/77.0.3865.90 Safari/537.36"
192.168.0.105 - - [11/Oct/2019:14:27:06 +0000] "GET /jenkins1/maven1/-/project_members HTTP/1.1" 200 11726 "http://192.168.0.102:8010/jenkins1/maven1/edit" "Mozilla/5.0 (Windows NT 6.3; Win64; x64) AppleWebKit/537.36 (KHTML, like Gecko) Chrome/77.0.3865.90 Safari/537.36"
192.168.0.105 - - [11/Oct/2019:14:27:15 +0000] "POST /jenkins1/maven1/-/project_members/2 HTTP/1.1" 302 125 "http://192.168.0.102:8010/jenkins1/maven1/-/project_members" "Mozilla/5.0 (Windows NT 6.3; Win64; x64) AppleWebKit/537.36 (KHTML, like Gecko) Chrome/77.0.3865.90 Safari/537.36"
192.168.0.105 - - [11/Oct/2019:14:27:15 +0000] "GET /jenkins1/maven1/-/project_members HTTP/1.1" 200 11097 "http://192.168.0.102:8010/jenkins1/maven1/-/project_members" "Mozilla/5.0 (Windows NT 6.3; Win64; x64) AppleWebKit/537.36 (KHTML, like Gecko) Chrome/77.0.3865.90 Safari/537.36"
192.168.0.105 - - [11/Oct/2019:14:27:25 +0000] "GET /assets/select2-spinner.gif HTTP/1.1" 404 19 "http://192.168.0.102:8010/assets/application-def1880ada798c68ee010ba2193f53a2c65a8981871a634ae7e18ccdcd503fa3.css" "Mozilla/5.0 (Windows NT 6.3; Win64; x64) AppleWebKit/537.36 (KHTML, like Gecko) Chrome/77.0.3865.90 Safari/537.36"
192.168.0.105 - - [11/Oct/2019:14:27:25 +0000] "GET /autocomplete/users.json?search=&active=true HTTP/1.1" 304 0 "http://192.168.0.102:8010/jenkins1/maven1/-/project_members" "Mozilla/5.0 (Windows NT 6.3; Win64; x64) AppleWebKit/537.36 (KHTML, like Gecko) Chrome/77.0.3865.90 Safari/537.36"
192.168.0.105 - - [11/Oct/2019:14:27:28 +0000] "GET /assets/select2.png HTTP/1.1" 404 19 "http://192.168.0.102:8010/assets/application-def1880ada798c68ee010ba2193f53a2c65a8981871a634ae7e18ccdcd503fa3.css" "Mozilla/5.0 (Windows NT 6.3; Win64; x64) AppleWebKit/537.36 (KHTML, like Gecko) Chrome/77.0.3865.90 Safari/537.36"
192.168.0.105 - - [11/Oct/2019:14:27:28 +0000] "GET /autocomplete/users.json?search=&active=true HTTP/1.1" 304 0 "http://192.168.0.102:8010/jenkins1/maven1/-/project_members" "Mozilla/5.0 (Windows NT 6.3; Win64; x64) AppleWebKit/537.36 (KHTML, like Gecko) Chrome/77.0.3865.90 Safari/537.36"
192.168.0.105 - - [11/Oct/2019:14:27:37 +0000] "GET /jenkins1/maven1 HTTP/1.1" 200 12961 "http://192.168.0.102:8010/jenkins1/maven1/-/project_members" "Mozilla/5.0 (Windows NT 6.3; Win64; x64) AppleWebKit/537.36 (KHTML, like Gecko) Chrome/77.0.3865.90 Safari/537.36"
192.168.0.105 - - [11/Oct/2019:14:27:41 +0000] "GET /jenkins1 HTTP/1.1" 200 14183 "http://192.168.0.102:8010/jenkins1/maven1" "Mozilla/5.0 (Windows NT 6.3; Win64; x64) AppleWebKit/537.36 (KHTML, like Gecko) Chrome/77.0.3865.90 Safari/537.36"
192.168.0.105 - - [11/Oct/2019:14:27:41 +0000] "GET /groups/jenkins1/-/children.json HTTP/1.1" 200 376 "http://192.168.0.102:8010/jenkins1" "Mozilla/5.0 (Windows NT 6.3; Win64; x64) AppleWebKit/537.36 (KHTML, like Gecko) Chrome/77.0.3865.90 Safari/537.36"
127.0.0.1 - - [11/Oct/2019:14:27:42 +0000] "GET /help HTTP/1.1" 200 82920 "" "curl/7.59.0-DEV"
192.168.0.105 - - [11/Oct/2019:14:27:45 +0000] "GET /admin HTTP/1.1" 200 8993 "http://192.168.0.102:8010/jenkins1" "Mozilla/5.0 (Windows NT 6.3; Win64; x64) AppleWebKit/537.36 (KHTML, like Gecko) Chrome/77.0.3865.90 Safari/537.36"
192.168.0.105 - - [11/Oct/2019:14:27:45 +0000] "GET /api/v4/application/statistics HTTP/1.1" 200 165 "http://192.168.0.102:8010/admin" "Mozilla/5.0 (Windows NT 6.3; Win64; x64) AppleWebKit/537.36 (KHTML, like Gecko) Chrome/77.0.3865.90 Safari/537.36"
192.168.0.105 - - [11/Oct/2019:14:27:47 +0000] "GET /admin/users HTTP/1.1" 200 9562 "http://192.168.0.102:8010/admin" "Mozilla/5.0 (Windows NT 6.3; Win64; x64) AppleWebKit/537.36 (KHTML, like Gecko) Chrome/77.0.3865.90 Safari/537.36"
192.168.0.105 - - [11/Oct/2019:14:28:07 +0000] "POST /admin/users/ataullahq HTTP/1.1" 302 103 "http://192.168.0.102:8010/admin/users" "Mozilla/5.0 (Windows NT 6.3; Win64; x64) AppleWebKit/537.36 (KHTML, like Gecko) Chrome/77.0.3865.90 Safari/537.36"
192.168.0.105 - - [11/Oct/2019:14:28:07 +0000] "GET /admin/users HTTP/1.1" 200 9637 "http://192.168.0.102:8010/admin/users" "Mozilla/5.0 (Windows NT 6.3; Win64; x64) AppleWebKit/537.36 (KHTML, like Gecko) Chrome/77.0.3865.90 Safari/537.36"
192.168.0.105 - - [11/Oct/2019:14:28:12 +0000] "GET /admin/users HTTP/1.1" 200 9160 "http://192.168.0.102:8010/admin/users" "Mozilla/5.0 (Windows NT 6.3; Win64; x64) AppleWebKit/537.36 (KHTML, like Gecko) Chrome/77.0.3865.90 Safari/537.36"
192.168.0.105 - - [11/Oct/2019:14:28:12 +0000] "GET /assets/favicon-7901bd695fb93edb07975966062049829afb56cf11511236e61bcf425070e36e.png HTTP/1.1" 200 1611 "http://192.168.0.102:8010/admin/users" "Mozilla/5.0 (Windows NT 6.3; Win64; x64) AppleWebKit/537.36 (KHTML, like Gecko) Chrome/77.0.3865.90 Safari/537.36"
192.168.0.105 - - [11/Oct/2019:14:28:14 +0000] "GET /admin/users/new HTTP/1.1" 200 9311 "http://192.168.0.102:8010/admin/users" "Mozilla/5.0 (Windows NT 6.3; Win64; x64) AppleWebKit/537.36 (KHTML, like Gecko) Chrome/77.0.3865.90 Safari/537.36"
127.0.0.1 - - [11/Oct/2019:14:28:42 +0000] "GET /help HTTP/1.1" 200 82920 "" "curl/7.59.0-DEV"
192.168.0.105 - - [11/Oct/2019:14:28:50 +0000] "POST /admin/users HTTP/1.1" 302 110 "http://192.168.0.102:8010/admin/users/new" "Mozilla/5.0 (Windows NT 6.3; Win64; x64) AppleWebKit/537.36 (KHTML, like Gecko) Chrome/77.0.3865.90 Safari/537.36"
192.168.0.105 - - [11/Oct/2019:14:28:50 +0000] "GET /admin/users/chintu HTTP/1.1" 200 9581 "http://192.168.0.102:8010/admin/users/new" "Mozilla/5.0 (Windows NT 6.3; Win64; x64) AppleWebKit/537.36 (KHTML, like Gecko) Chrome/77.0.3865.90 Safari/537.36"
192.168.0.105 - - [11/Oct/2019:14:28:52 +0000] "GET /admin/users/chintu/edit HTTP/1.1" 200 9358 "http://192.168.0.102:8010/admin/users/chintu" "Mozilla/5.0 (Windows NT 6.3; Win64; x64) AppleWebKit/537.36 (KHTML, like Gecko) Chrome/77.0.3865.90 Safari/537.36"
192.168.0.105 - - [11/Oct/2019:14:29:26 +0000] "POST /admin/users/chintu HTTP/1.1" 302 110 "http://192.168.0.102:8010/admin/users/chintu/edit" "Mozilla/5.0 (Windows NT 6.3; Win64; x64) AppleWebKit/537.36 (KHTML, like Gecko) Chrome/77.0.3865.90 Safari/537.36"
192.168.0.105 - - [11/Oct/2019:14:29:26 +0000] "GET /admin/users/chintu HTTP/1.1" 200 9584 "http://192.168.0.102:8010/admin/users/chintu/edit" "Mozilla/5.0 (Windows NT 6.3; Win64; x64) AppleWebKit/537.36 (KHTML, like Gecko) Chrome/77.0.3865.90 Safari/537.36"
127.0.0.1 - - [11/Oct/2019:14:29:43 +0000] "GET /help HTTP/1.1" 200 82920 "" "curl/7.59.0-DEV"
192.168.0.105 - - [11/Oct/2019:14:29:48 +0000] "GET /admin/application_settings HTTP/1.1" 200 15122 "http://192.168.0.102:8010/admin/users/chintu" "Mozilla/5.0 (Windows NT 6.3; Win64; x64) AppleWebKit/537.36 (KHTML, like Gecko) Chrome/77.0.3865.90 Safari/537.36"
192.168.0.105 - - [11/Oct/2019:14:29:48 +0000] "GET /assets/webpack/pages.admin.application_settings.87e0a5d2.chunk.js HTTP/1.1" 200 3705 "http://192.168.0.102:8010/admin/application_settings" "Mozilla/5.0 (Windows NT 6.3; Win64; x64) AppleWebKit/537.36 (KHTML, like Gecko) Chrome/77.0.3865.90 Safari/537.36"
192.168.0.105 - - [11/Oct/2019:14:30:02 +0000] "GET /admin/application_settings/repository HTTP/1.1" 200 10551 "http://192.168.0.102:8010/admin/application_settings" "Mozilla/5.0 (Windows NT 6.3; Win64; x64) AppleWebKit/537.36 (KHTML, like Gecko) Chrome/77.0.3865.90 Safari/537.36"
192.168.0.105 - - [11/Oct/2019:14:30:04 +0000] "GET /admin HTTP/1.1" 200 9010 "http://192.168.0.102:8010/admin/application_settings/repository" "Mozilla/5.0 (Windows NT 6.3; Win64; x64) AppleWebKit/537.36 (KHTML, like Gecko) Chrome/77.0.3865.90 Safari/537.36"
192.168.0.105 - - [11/Oct/2019:14:30:05 +0000] "GET /api/v4/application/statistics HTTP/1.1" 200 165 "http://192.168.0.102:8010/admin" "Mozilla/5.0 (Windows NT 6.3; Win64; x64) AppleWebKit/537.36 (KHTML, like Gecko) Chrome/77.0.3865.90 Safari/537.36"
192.168.0.105 - - [11/Oct/2019:14:30:06 +0000] "GET /admin/users HTTP/1.1" 200 9568 "http://192.168.0.102:8010/admin" "Mozilla/5.0 (Windows NT 6.3; Win64; x64) AppleWebKit/537.36 (KHTML, like Gecko) Chrome/77.0.3865.90 Safari/537.36"
192.168.0.105 - - [11/Oct/2019:14:30:11 +0000] "GET /admin/users HTTP/1.1" 200 9565 "http://192.168.0.102:8010/admin/users" "Mozilla/5.0 (Windows NT 6.3; Win64; x64) AppleWebKit/537.36 (KHTML, like Gecko) Chrome/77.0.3865.90 Safari/537.36"
192.168.0.105 - - [11/Oct/2019:14:30:22 +0000] "GET /admin/users/chintu/edit HTTP/1.1" 200 9353 "http://192.168.0.102:8010/admin/users" "Mozilla/5.0 (Windows NT 6.3; Win64; x64) AppleWebKit/537.36 (KHTML, like Gecko) Chrome/77.0.3865.90 Safari/537.36"
192.168.0.105 - - [11/Oct/2019:14:30:31 +0000] "GET /admin/users/chintu HTTP/1.1" 200 9516 "http://192.168.0.102:8010/admin/users/chintu/edit" "Mozilla/5.0 (Windows NT 6.3; Win64; x64) AppleWebKit/537.36 (KHTML, like Gecko) Chrome/77.0.3865.90 Safari/537.36"
192.168.0.105 - - [11/Oct/2019:14:30:40 +0000] "GET /admin HTTP/1.1" 200 9006 "http://192.168.0.102:8010/admin/users/chintu" "Mozilla/5.0 (Windows NT 6.3; Win64; x64) AppleWebKit/537.36 (KHTML, like Gecko) Chrome/77.0.3865.90 Safari/537.36"
192.168.0.105 - - [11/Oct/2019:14:30:41 +0000] "GET /api/v4/application/statistics HTTP/1.1" 304 0 "http://192.168.0.102:8010/admin" "Mozilla/5.0 (Windows NT 6.3; Win64; x64) AppleWebKit/537.36 (KHTML, like Gecko) Chrome/77.0.3865.90 Safari/537.36"
192.168.0.105 - - [11/Oct/2019:14:30:43 +0000] "GET /admin/users HTTP/1.1" 200 9562 "http://192.168.0.102:8010/admin" "Mozilla/5.0 (Windows NT 6.3; Win64; x64) AppleWebKit/537.36 (KHTML, like Gecko) Chrome/77.0.3865.90 Safari/537.36"
127.0.0.1 - - [11/Oct/2019:14:30:43 +0000] "GET /help HTTP/1.1" 200 82920 "" "curl/7.59.0-DEV"
192.168.0.105 - - [11/Oct/2019:14:30:46 +0000] "GET /admin/users/chintu/edit HTTP/1.1" 200 9354 "http://192.168.0.102:8010/admin/users" "Mozilla/5.0 (Windows NT 6.3; Win64; x64) AppleWebKit/537.36 (KHTML, like Gecko) Chrome/77.0.3865.90 Safari/537.36"
192.168.0.105 - - [11/Oct/2019:14:30:56 +0000] "GET /admin HTTP/1.1" 200 9010 "http://192.168.0.102:8010/admin/users/chintu/edit" "Mozilla/5.0 (Windows NT 6.3; Win64; x64) AppleWebKit/537.36 (KHTML, like Gecko) Chrome/77.0.3865.90 Safari/537.36"
192.168.0.105 - - [11/Oct/2019:14:30:56 +0000] "GET /api/v4/application/statistics HTTP/1.1" 304 0 "http://192.168.0.102:8010/admin" "Mozilla/5.0 (Windows NT 6.3; Win64; x64) AppleWebKit/537.36 (KHTML, like Gecko) Chrome/77.0.3865.90 Safari/537.36"
192.168.0.105 - - [11/Oct/2019:14:31:01 +0000] "GET /admin/users HTTP/1.1" 200 9569 "http://192.168.0.102:8010/admin" "Mozilla/5.0 (Windows NT 6.3; Win64; x64) AppleWebKit/537.36 (KHTML, like Gecko) Chrome/77.0.3865.90 Safari/537.36"
192.168.0.105 - - [11/Oct/2019:14:31:17 +0000] "POST /admin/users/chintu?hard_delete=true HTTP/1.1" 302 103 "http://192.168.0.102:8010/admin/users" "Mozilla/5.0 (Windows NT 6.3; Win64; x64) AppleWebKit/537.36 (KHTML, like Gecko) Chrome/77.0.3865.90 Safari/537.36"
192.168.0.105 - - [11/Oct/2019:14:31:17 +0000] "GET /admin/users HTTP/1.1" 200 9230 "http://192.168.0.102:8010/admin/users" "Mozilla/5.0 (Windows NT 6.3; Win64; x64) AppleWebKit/537.36 (KHTML, like Gecko) Chrome/77.0.3865.90 Safari/537.36"
127.0.0.1 - - [11/Oct/2019:14:31:44 +0000] "GET /help HTTP/1.1" 200 82920 "" "curl/7.59.0-DEV"
127.0.0.1 - - [11/Oct/2019:14:32:44 +0000] "GET /help HTTP/1.1" 200 82920 "" "curl/7.59.0-DEV"
127.0.0.1 - - [11/Oct/2019:14:33:44 +0000] "GET /help HTTP/1.1" 200 82920 "" "curl/7.59.0-DEV"
127.0.0.1 - - [11/Oct/2019:14:34:45 +0000] "GET /help HTTP/1.1" 200 82920 "" "curl/7.59.0-DEV"
127.0.0.1 - - [11/Oct/2019:14:35:45 +0000] "GET /help HTTP/1.1" 200 82920 "" "curl/7.59.0-DEV"
127.0.0.1 - - [11/Oct/2019:14:36:46 +0000] "GET /help HTTP/1.1" 200 82920 "" "curl/7.59.0-DEV"
127.0.0.1 - - [11/Oct/2019:14:37:46 +0000] "GET /help HTTP/1.1" 200 82920 "" "curl/7.59.0-DEV"
127.0.0.1 - - [11/Oct/2019:14:38:47 +0000] "GET /help HTTP/1.1" 200 82920 "" "curl/7.59.0-DEV"
127.0.0.1 - - [11/Oct/2019:14:39:47 +0000] "GET /help HTTP/1.1" 200 82920 "" "curl/7.59.0-DEV"
127.0.0.1 - - [11/Oct/2019:14:40:48 +0000] "GET /help HTTP/1.1" 200 82920 "" "curl/7.59.0-DEV"
127.0.0.1 - - [11/Oct/2019:14:41:48 +0000] "GET /help HTTP/1.1" 200 82920 "" "curl/7.59.0-DEV"
127.0.0.1 - - [11/Oct/2019:14:42:49 +0000] "GET /help HTTP/1.1" 200 82920 "" "curl/7.59.0-DEV"
127.0.0.1 - - [11/Oct/2019:14:43:49 +0000] "GET /help HTTP/1.1" 200 82920 "" "curl/7.59.0-DEV"
127.0.0.1 - - [11/Oct/2019:14:44:49 +0000] "GET /help HTTP/1.1" 200 82920 "" "curl/7.59.0-DEV"
127.0.0.1 - - [11/Oct/2019:14:45:50 +0000] "GET /help HTTP/1.1" 200 82920 "" "curl/7.59.0-DEV"
127.0.0.1 - - [11/Oct/2019:14:46:50 +0000] "GET /help HTTP/1.1" 200 82920 "" "curl/7.59.0-DEV"
127.0.0.1 - - [11/Oct/2019:14:47:51 +0000] "GET /help HTTP/1.1" 200 82920 "" "curl/7.59.0-DEV"
127.0.0.1 - - [11/Oct/2019:14:48:51 +0000] "GET /help HTTP/1.1" 200 82920 "" "curl/7.59.0-DEV"
127.0.0.1 - - [11/Oct/2019:14:49:52 +0000] "GET /help HTTP/1.1" 200 82920 "" "curl/7.59.0-DEV"
127.0.0.1 - - [11/Oct/2019:14:50:52 +0000] "GET /help HTTP/1.1" 200 82920 "" "curl/7.59.0-DEV"
127.0.0.1 - - [11/Oct/2019:14:51:53 +0000] "GET /help HTTP/1.1" 200 82920 "" "curl/7.59.0-DEV"
127.0.0.1 - - [11/Oct/2019:14:52:53 +0000] "GET /help HTTP/1.1" 200 82920 "" "curl/7.59.0-DEV"
127.0.0.1 - - [11/Oct/2019:14:53:53 +0000] "GET /help HTTP/1.1" 200 82920 "" "curl/7.59.0-DEV"
127.0.0.1 - - [11/Oct/2019:14:54:54 +0000] "GET /help HTTP/1.1" 200 82920 "" "curl/7.59.0-DEV"
127.0.0.1 - - [11/Oct/2019:14:55:54 +0000] "GET /help HTTP/1.1" 200 82920 "" "curl/7.59.0-DEV"
127.0.0.1 - - [11/Oct/2019:14:56:55 +0000] "GET /help HTTP/1.1" 200 82920 "" "curl/7.59.0-DEV"
127.0.0.1 - - [11/Oct/2019:14:57:55 +0000] "GET /help HTTP/1.1" 200 82920 "" "curl/7.59.0-DEV"
127.0.0.1 - - [11/Oct/2019:14:58:56 +0000] "GET /help HTTP/1.1" 200 82920 "" "curl/7.59.0-DEV"
127.0.0.1 - - [11/Oct/2019:14:59:56 +0000] "GET /help HTTP/1.1" 200 82920 "" "curl/7.59.0-DEV"
127.0.0.1 - - [11/Oct/2019:15:00:56 +0000] "GET /help HTTP/1.1" 200 82920 "" "curl/7.59.0-DEV"
127.0.0.1 - - [11/Oct/2019:15:01:57 +0000] "GET /help HTTP/1.1" 200 82920 "" "curl/7.59.0-DEV"
127.0.0.1 - - [11/Oct/2019:15:02:58 +0000] "GET /help HTTP/1.1" 200 82920 "" "curl/7.59.0-DEV"
127.0.0.1 - - [11/Oct/2019:15:03:58 +0000] "GET /help HTTP/1.1" 200 82920 "" "curl/7.59.0-DEV"
127.0.0.1 - - [11/Oct/2019:15:04:59 +0000] "GET /help HTTP/1.1" 200 82920 "" "curl/7.59.0-DEV"
127.0.0.1 - - [11/Oct/2019:15:05:59 +0000] "GET /help HTTP/1.1" 200 82920 "" "curl/7.59.0-DEV"
127.0.0.1 - - [11/Oct/2019:15:06:59 +0000] "GET /help HTTP/1.1" 200 82920 "" "curl/7.59.0-DEV"
127.0.0.1 - - [11/Oct/2019:15:08:00 +0000] "GET /help HTTP/1.1" 200 82927 "" "curl/7.59.0-DEV"
127.0.0.1 - - [11/Oct/2019:15:09:00 +0000] "GET /help HTTP/1.1" 200 82920 "" "curl/7.59.0-DEV"
127.0.0.1 - - [11/Oct/2019:15:10:01 +0000] "GET /help HTTP/1.1" 200 82920 "" "curl/7.59.0-DEV"
127.0.0.1 - - [11/Oct/2019:15:11:01 +0000] "GET /help HTTP/1.1" 200 82920 "" "curl/7.59.0-DEV"
127.0.0.1 - - [11/Oct/2019:15:12:02 +0000] "GET /help HTTP/1.1" 200 82920 "" "curl/7.59.0-DEV"
127.0.0.1 - - [11/Oct/2019:15:13:02 +0000] "GET /help HTTP/1.1" 200 82920 "" "curl/7.59.0-DEV"
127.0.0.1 - - [11/Oct/2019:15:14:03 +0000] "GET /help HTTP/1.1" 200 82920 "" "curl/7.59.0-DEV"
127.0.0.1 - - [11/Oct/2019:15:15:04 +0000] "GET /help HTTP/1.1" 200 82920 "" "curl/7.59.0-DEV"
127.0.0.1 - - [11/Oct/2019:15:16:04 +0000] "GET /help HTTP/1.1" 200 82920 "" "curl/7.59.0-DEV"
127.0.0.1 - - [11/Oct/2019:15:17:04 +0000] "GET /help HTTP/1.1" 200 82920 "" "curl/7.59.0-DEV"
127.0.0.1 - - [11/Oct/2019:15:18:05 +0000] "GET /help HTTP/1.1" 200 82920 "" "curl/7.59.0-DEV"
127.0.0.1 - - [11/Oct/2019:15:19:05 +0000] "GET /help HTTP/1.1" 200 82927 "" "curl/7.59.0-DEV"
127.0.0.1 - - [11/Oct/2019:15:20:06 +0000] "GET /help HTTP/1.1" 200 82920 "" "curl/7.59.0-DEV"
127.0.0.1 - - [11/Oct/2019:15:21:06 +0000] "GET /help HTTP/1.1" 200 82920 "" "curl/7.59.0-DEV"
127.0.0.1 - - [11/Oct/2019:15:22:07 +0000] "GET /help HTTP/1.1" 200 82920 "" "curl/7.59.0-DEV"
127.0.0.1 - - [11/Oct/2019:15:23:07 +0000] "GET /help HTTP/1.1" 200 82920 "" "curl/7.59.0-DEV"
127.0.0.1 - - [11/Oct/2019:15:24:08 +0000] "GET /help HTTP/1.1" 200 82920 "" "curl/7.59.0-DEV"
127.0.0.1 - - [11/Oct/2019:15:25:08 +0000] "GET /help HTTP/1.1" 200 82920 "" "curl/7.59.0-DEV"
127.0.0.1 - - [11/Oct/2019:15:26:09 +0000] "GET /help HTTP/1.1" 200 82920 "" "curl/7.59.0-DEV"
127.0.0.1 - - [11/Oct/2019:15:27:09 +0000] "GET /help HTTP/1.1" 200 82920 "" "curl/7.59.0-DEV"
127.0.0.1 - - [11/Oct/2019:15:28:09 +0000] "GET /help HTTP/1.1" 200 82920 "" "curl/7.59.0-DEV"
127.0.0.1 - - [11/Oct/2019:15:29:10 +0000] "GET /help HTTP/1.1" 200 82920 "" "curl/7.59.0-DEV"
127.0.0.1 - - [11/Oct/2019:15:30:10 +0000] "GET /help HTTP/1.1" 200 82920 "" "curl/7.59.0-DEV"
127.0.0.1 - - [11/Oct/2019:15:31:11 +0000] "GET /help HTTP/1.1" 200 82920 "" "curl/7.59.0-DEV"
127.0.0.1 - - [11/Oct/2019:15:32:11 +0000] "GET /help HTTP/1.1" 200 82920 "" "curl/7.59.0-DEV"
127.0.0.1 - - [11/Oct/2019:15:33:12 +0000] "GET /help HTTP/1.1" 200 82920 "" "curl/7.59.0-DEV"
127.0.0.1 - - [11/Oct/2019:15:34:12 +0000] "GET /help HTTP/1.1" 200 82920 "" "curl/7.59.0-DEV"
127.0.0.1 - - [11/Oct/2019:15:35:13 +0000] "GET /help HTTP/1.1" 200 82920 "" "curl/7.59.0-DEV"
127.0.0.1 - - [11/Oct/2019:15:36:13 +0000] "GET /help HTTP/1.1" 200 82920 "" "curl/7.59.0-DEV"
127.0.0.1 - - [11/Oct/2019:15:37:14 +0000] "GET /help HTTP/1.1" 200 82920 "" "curl/7.59.0-DEV"
127.0.0.1 - - [11/Oct/2019:15:38:14 +0000] "GET /help HTTP/1.1" 200 82920 "" "curl/7.59.0-DEV"
127.0.0.1 - - [11/Oct/2019:15:39:14 +0000] "GET /help HTTP/1.1" 200 82920 "" "curl/7.59.0-DEV"
192.168.0.105 - - [11/Oct/2019:15:39:48 +0000] "GET /admin HTTP/1.1" 200 8984 "http://192.168.0.102:8010/admin/users" "Mozilla/5.0 (Windows NT 6.3; Win64; x64) AppleWebKit/537.36 (KHTML, like Gecko) Chrome/77.0.3865.90 Safari/537.36"
192.168.0.105 - - [11/Oct/2019:15:39:48 +0000] "GET /api/v4/application/statistics HTTP/1.1" 200 165 "http://192.168.0.102:8010/admin" "Mozilla/5.0 (Windows NT 6.3; Win64; x64) AppleWebKit/537.36 (KHTML, like Gecko) Chrome/77.0.3865.90 Safari/537.36"
192.168.0.105 - - [11/Oct/2019:15:39:50 +0000] "GET /admin/users HTTP/1.1" 200 9162 "http://192.168.0.102:8010/admin" "Mozilla/5.0 (Windows NT 6.3; Win64; x64) AppleWebKit/537.36 (KHTML, like Gecko) Chrome/77.0.3865.90 Safari/537.36"
192.168.0.105 - - [11/Oct/2019:15:39:52 +0000] "GET /admin/users/new HTTP/1.1" 200 9318 "http://192.168.0.102:8010/admin/users" "Mozilla/5.0 (Windows NT 6.3; Win64; x64) AppleWebKit/537.36 (KHTML, like Gecko) Chrome/77.0.3865.90 Safari/537.36"
127.0.0.1 - - [11/Oct/2019:15:40:15 +0000] "GET /help HTTP/1.1" 200 82920 "" "curl/7.59.0-DEV"
192.168.0.105 - - [11/Oct/2019:15:41:03 +0000] "POST /admin/users HTTP/1.1" 302 110 "http://192.168.0.102:8010/admin/users/new" "Mozilla/5.0 (Windows NT 6.3; Win64; x64) AppleWebKit/537.36 (KHTML, like Gecko) Chrome/77.0.3865.90 Safari/537.36"
192.168.0.105 - - [11/Oct/2019:15:41:03 +0000] "GET /admin/users/chintu HTTP/1.1" 200 9582 "http://192.168.0.102:8010/admin/users/new" "Mozilla/5.0 (Windows NT 6.3; Win64; x64) AppleWebKit/537.36 (KHTML, like Gecko) Chrome/77.0.3865.90 Safari/537.36"
127.0.0.1 - - [11/Oct/2019:15:41:15 +0000] "GET /help HTTP/1.1" 200 82920 "" "curl/7.59.0-DEV"
192.168.0.105 - - [11/Oct/2019:15:41:21 +0000] "GET /admin/users/chintu/edit HTTP/1.1" 200 9361 "http://192.168.0.102:8010/admin/users/chintu" "Mozilla/5.0 (Windows NT 6.3; Win64; x64) AppleWebKit/537.36 (KHTML, like Gecko) Chrome/77.0.3865.90 Safari/537.36"
192.168.0.105 - - [11/Oct/2019:15:41:42 +0000] "POST /admin/users/chintu HTTP/1.1" 302 110 "http://192.168.0.102:8010/admin/users/chintu/edit" "Mozilla/5.0 (Windows NT 6.3; Win64; x64) AppleWebKit/537.36 (KHTML, like Gecko) Chrome/77.0.3865.90 Safari/537.36"
192.168.0.105 - - [11/Oct/2019:15:41:42 +0000] "GET /admin/users/chintu HTTP/1.1" 200 9584 "http://192.168.0.102:8010/admin/users/chintu/edit" "Mozilla/5.0 (Windows NT 6.3; Win64; x64) AppleWebKit/537.36 (KHTML, like Gecko) Chrome/77.0.3865.90 Safari/537.36"
192.168.0.105 - - [11/Oct/2019:15:42:07 +0000] "GET /dashboard/projects HTTP/1.1" 200 7874 "http://192.168.0.102:8010/admin/users/chintu" "Mozilla/5.0 (Windows NT 6.3; Win64; x64) AppleWebKit/537.36 (KHTML, like Gecko) Chrome/77.0.3865.90 Safari/537.36"
192.168.0.105 - - [11/Oct/2019:15:42:07 +0000] "GET /assets/webpack/pages.dashboard.projects.8b85faa5.chunk.js HTTP/1.1" 200 1536 "http://192.168.0.102:8010/dashboard/projects" "Mozilla/5.0 (Windows NT 6.3; Win64; x64) AppleWebKit/537.36 (KHTML, like Gecko) Chrome/77.0.3865.90 Safari/537.36"
192.168.0.105 - - [11/Oct/2019:15:42:11 +0000] "GET /jenkins1/maven1 HTTP/1.1" 200 12954 "http://192.168.0.102:8010/dashboard/projects" "Mozilla/5.0 (Windows NT 6.3; Win64; x64) AppleWebKit/537.36 (KHTML, like Gecko) Chrome/77.0.3865.90 Safari/537.36"
127.0.0.1 - - [11/Oct/2019:15:42:16 +0000] "GET /help HTTP/1.1" 200 82920 "" "curl/7.59.0-DEV"
192.168.0.105 - - [11/Oct/2019:15:42:34 +0000] "GET /jenkins1/maven1 HTTP/1.1" 200 12959 "http://192.168.0.102:8010/jenkins1/maven1" "Mozilla/5.0 (Windows NT 6.3; Win64; x64) AppleWebKit/537.36 (KHTML, like Gecko) Chrome/77.0.3865.90 Safari/537.36"
192.168.0.105 - - [11/Oct/2019:15:42:54 +0000] "GET /jenkins1/maven1 HTTP/1.1" 200 12968 "http://192.168.0.102:8010/jenkins1/maven1" "Mozilla/5.0 (Windows NT 6.3; Win64; x64) AppleWebKit/537.36 (KHTML, like Gecko) Chrome/77.0.3865.90 Safari/537.36"
192.168.0.105 - - [11/Oct/2019:15:43:09 +0000] "GET /jenkins1 HTTP/1.1" 200 14181 "http://192.168.0.102:8010/jenkins1/maven1" "Mozilla/5.0 (Windows NT 6.3; Win64; x64) AppleWebKit/537.36 (KHTML, like Gecko) Chrome/77.0.3865.90 Safari/537.36"
